Component: ARM Compiler 5.06 update 7 (build 960) Tool: armlink [4d3601]

==============================================================================

Section Cross References

    startup_stm32f446xx.o(RESET) refers to startup_stm32f446xx.o(STACK) for __initial_sp
    startup_stm32f446xx.o(RESET) refers to startup_stm32f446xx.o(.text) for Reset_Handler
    startup_stm32f446xx.o(RESET) refers to stm32f4xx_it.o(i.NMI_Handler) for NMI_Handler
    startup_stm32f446xx.o(RESET) refers to stm32f4xx_it.o(i.HardFault_Handler) for HardFault_Handler
    startup_stm32f446xx.o(RESET) refers to stm32f4xx_it.o(i.MemManage_Handler) for MemManage_Handler
    startup_stm32f446xx.o(RESET) refers to stm32f4xx_it.o(i.BusFault_Handler) for BusFault_Handler
    startup_stm32f446xx.o(RESET) refers to stm32f4xx_it.o(i.UsageFault_Handler) for UsageFault_Handler
    startup_stm32f446xx.o(RESET) refers to stm32f4xx_it.o(i.SVC_Handler) for SVC_Handler
    startup_stm32f446xx.o(RESET) refers to stm32f4xx_it.o(i.DebugMon_Handler) for DebugMon_Handler
    startup_stm32f446xx.o(RESET) refers to stm32f4xx_it.o(i.PendSV_Handler) for PendSV_Handler
    startup_stm32f446xx.o(RESET) refers to stm32f4xx_it.o(i.SysTick_Handler) for SysTick_Handler
    startup_stm32f446xx.o(RESET) refers to stm32f4xx_it.o(i.DMA1_Stream1_IRQHandler) for DMA1_Stream1_IRQHandler
    startup_stm32f446xx.o(RESET) refers to stm32f4xx_it.o(i.DMA1_Stream3_IRQHandler) for DMA1_Stream3_IRQHandler
    startup_stm32f446xx.o(RESET) refers to stm32f4xx_it.o(i.USART1_IRQHandler) for USART1_IRQHandler
    startup_stm32f446xx.o(RESET) refers to stm32f4xx_it.o(i.USART3_IRQHandler) for USART3_IRQHandler
    startup_stm32f446xx.o(RESET) refers to stm32f4xx_it.o(i.TIM6_DAC_IRQHandler) for TIM6_DAC_IRQHandler
    startup_stm32f446xx.o(RESET) refers to stm32f4xx_it.o(i.DMA2_Stream2_IRQHandler) for DMA2_Stream2_IRQHandler
    startup_stm32f446xx.o(RESET) refers to stm32f4xx_it.o(i.DMA2_Stream7_IRQHandler) for DMA2_Stream7_IRQHandler
    startup_stm32f446xx.o(.text) refers to system_stm32f4xx.o(i.SystemInit) for SystemInit
    startup_stm32f446xx.o(.text) refers to entry.o(.ARM.Collect$$$$00000000) for __main
    main.o(i.HAL_TIM_PeriodElapsedCallback) refers to tim.o(.bss) for htim6
    main.o(i.HAL_TIM_PeriodElapsedCallback) refers to main.o(.data) for .data
    main.o(i.HAL_UARTEx_RxEventCallback) refers to scanf_fp.o(.text) for _scanf_real
    main.o(i.HAL_UARTEx_RxEventCallback) refers to __0sscanf.o(.text) for __0sscanf
    main.o(i.HAL_UARTEx_RxEventCallback) refers to stm32f4xx_hal_uart.o(i.HAL_UARTEx_ReceiveToIdle_DMA) for HAL_UARTEx_ReceiveToIdle_DMA
    main.o(i.HAL_UARTEx_RxEventCallback) refers to usart.o(.bss) for huart3
    main.o(i.HAL_UARTEx_RxEventCallback) refers to main.o(.bss) for .bss
    main.o(i.HAL_UARTEx_RxEventCallback) refers to main.o(.data) for .data
    main.o(i.HAL_UART_TxCpltCallback) refers to main.o(.data) for .data
    main.o(i.SystemClock_Config) refers to memseta.o(.text) for __aeabi_memclr4
    main.o(i.SystemClock_Config) refers to stm32f4xx_hal_rcc_ex.o(i.HAL_RCC_OscConfig) for HAL_RCC_OscConfig
    main.o(i.SystemClock_Config) refers to stm32f4xx_hal_rcc.o(i.HAL_RCC_ClockConfig) for HAL_RCC_ClockConfig
    main.o(i.fputc) refers to stm32f4xx_hal_uart.o(i.HAL_UART_Transmit) for HAL_UART_Transmit
    main.o(i.fputc) refers to usart.o(.bss) for huart2
    main.o(i.main) refers to stm32f4xx_hal.o(i.HAL_Init) for HAL_Init
    main.o(i.main) refers to main.o(i.SystemClock_Config) for SystemClock_Config
    main.o(i.main) refers to gpio.o(i.MX_GPIO_Init) for MX_GPIO_Init
    main.o(i.main) refers to dma.o(i.MX_DMA_Init) for MX_DMA_Init
    main.o(i.main) refers to usart.o(i.MX_USART2_UART_Init) for MX_USART2_UART_Init
    main.o(i.main) refers to i2c.o(i.MX_I2C1_Init) for MX_I2C1_Init
    main.o(i.main) refers to usart.o(i.MX_USART1_UART_Init) for MX_USART1_UART_Init
    main.o(i.main) refers to tim.o(i.MX_TIM8_Init) for MX_TIM8_Init
    main.o(i.main) refers to tim.o(i.MX_TIM3_Init) for MX_TIM3_Init
    main.o(i.main) refers to tim.o(i.MX_TIM6_Init) for MX_TIM6_Init
    main.o(i.main) refers to tim.o(i.MX_TIM4_Init) for MX_TIM4_Init
    main.o(i.main) refers to usart.o(i.MX_USART3_UART_Init) for MX_USART3_UART_Init
    main.o(i.main) refers to stm32f4xx_hal.o(i.HAL_Delay) for HAL_Delay
    main.o(i.main) refers to stm32f4xx_hal_uart.o(i.HAL_UART_Transmit_DMA) for HAL_UART_Transmit_DMA
    main.o(i.main) refers to stm32f4xx_hal_uart.o(i.HAL_UARTEx_ReceiveToIdle_DMA) for HAL_UARTEx_ReceiveToIdle_DMA
    main.o(i.main) refers to peropheralinit.o(i.peripheral_Initial) for peripheral_Initial
    main.o(i.main) refers to autocar.o(i.PID_Angle_init) for PID_Angle_init
    main.o(i.main) refers to motor.o(i.PID_init) for PID_init
    main.o(i.main) refers to mpu6050.o(i.MPU6050_DMP_Get_Data) for MPU6050_DMP_Get_Data
    main.o(i.main) refers to motor.o(i.setTargetSpeed_perMin) for setTargetSpeed_perMin
[...]
    UART_SetConfig                           0x080046c9   Thumb Code   258  stm32f4xx_hal_uart.o(i.UART_SetConfig)
    i.UART_Start_Receive_DMA                 0x080047d4   Section        0  stm32f4xx_hal_uart.o(i.UART_Start_Receive_DMA)
    i.USART1_IRQHandler                      0x08004874   Section        0  stm32f4xx_it.o(i.USART1_IRQHandler)
    i.USART3_IRQHandler                      0x08004880   Section        0  stm32f4xx_it.o(i.USART3_IRQHandler)
    i.UsageFault_Handler                     0x0800488c   Section        0  stm32f4xx_it.o(i.UsageFault_Handler)
    i.__ARM_fpclassify                       0x0800488e   Section        0  fpclassify.o(i.__ARM_fpclassify)
    i.__NVIC_SetPriority                     0x080048be   Section        0  stm32f4xx_hal_cortex.o(i.__NVIC_SetPriority)
    __NVIC_SetPriority                       0x080048bf   Thumb Code    32  stm32f4xx_hal_cortex.o(i.__NVIC_SetPriority)
    i.__hardfp_asin                          0x080048e0   Section        0  asin.o(i.__hardfp_asin)
    i.__hardfp_atan                          0x08004c40   Section        0  atan.o(i.__hardfp_atan)
    i.__hardfp_atan2                         0x08004f18   Section        0  atan2.o(i.__hardfp_atan2)
    i.__hardfp_fabs                          0x08005118   Section        0  fabs.o(i.__hardfp_fabs)
    i.__kernel_poly                          0x0800512c   Section        0  poly.o(i.__kernel_poly)
    i.__mathlib_dbl_infnan                   0x08005224   Section        0  dunder.o(i.__mathlib_dbl_infnan)
    i.__mathlib_dbl_infnan2                  0x08005238   Section        0  dunder.o(i.__mathlib_dbl_infnan2)
    i.__mathlib_dbl_invalid                  0x08005250   Section        0  dunder.o(i.__mathlib_dbl_invalid)
    i.__mathlib_dbl_underflow                0x08005270   Section        0  dunder.o(i.__mathlib_dbl_underflow)
    i.__scatterload_copy                     0x08005290   Section       14  handlers.o(i.__scatterload_copy)
    i.__scatterload_null                     0x0800529e   Section        2  handlers.o(i.__scatterload_null)
    i.__scatterload_zeroinit                 0x080052a0   Section       14  handlers.o(i.__scatterload_zeroinit)
    i.__set_errno                            0x080052b0   Section        0  errno.o(i.__set_errno)
    i._is_digit                              0x080052bc   Section        0  scanf_fp.o(i._is_digit)
    i.accel_self_test                        0x080052cc   Section        0  inv_mpu.o(i.accel_self_test)
    accel_self_test                          0x080052cd   Thumb Code   126  inv_mpu.o(i.accel_self_test)
    i.atan                                   0x0800535c   Section        0  atan.o(i.atan)
    i.dmp_enable_6x_lp_quat                  0x0800536c   Section        0  inv_mpu_dmp_motion_driver.o(i.dmp_enable_6x_lp_quat)
    i.dmp_enable_feature                     0x080053a8   Section        0  inv_mpu_dmp_motion_driver.o(i.dmp_enable_feature)
    i.dmp_enable_gyro_cal                    0x08005580   Section        0  inv_mpu_dmp_motion_driver.o(i.dmp_enable_gyro_cal)
    i.dmp_enable_lp_quat                     0x080055bc   Section        0  inv_mpu_dmp_motion_driver.o(i.dmp_enable_lp_quat)
    i.dmp_load_motion_driver_firmware        0x080055f8   Section        0  inv_mpu_dmp_motion_driver.o(i.dmp_load_motion_driver_firmware)
    i.dmp_read_fifo                          0x0800560c   Section        0  inv_mpu_dmp_motion_driver.o(i.dmp_read_fifo)
    i.dmp_set_accel_bias                     0x08005778   Section        0  inv_mpu_dmp_motion_driver.o(i.dmp_set_accel_bias)
    i.dmp_set_fifo_rate                      0x08005850   Section        0  inv_mpu_dmp_motion_driver.o(i.dmp_set_fifo_rate)
    i.dmp_set_gyro_bias                      0x080058b4   Section        0  inv_mpu_dmp_motion_driver.o(i.dmp_set_gyro_bias)
    i.dmp_set_orientation                    0x08005980   Section        0  inv_mpu_dmp_motion_driver.o(i.dmp_set_orientation)
    i.dmp_set_shake_reject_thresh            0x08005a8c   Section        0  inv_mpu_dmp_motion_driver.o(i.dmp_set_shake_reject_thresh)
    i.dmp_set_shake_reject_time              0x08005abc   Section        0  inv_mpu_dmp_motion_driver.o(i.dmp_set_shake_reject_time)
    i.dmp_set_shake_reject_timeout           0x08005adc   Section        0  inv_mpu_dmp_motion_driver.o(i.dmp_set_shake_reject_timeout)
    i.dmp_set_tap_axes                       0x08005afc   Section        0  inv_mpu_dmp_motion_driver.o(i.dmp_set_tap_axes)
    i.dmp_set_tap_count                      0x08005b3c   Section        0  inv_mpu_dmp_motion_driver.o(i.dmp_set_tap_count)
    i.dmp_set_tap_thresh                     0x08005b60   Section        0  inv_mpu_dmp_motion_driver.o(i.dmp_set_tap_thresh)
    i.dmp_set_tap_time                       0x08005cc0   Section        0  inv_mpu_dmp_motion_driver.o(i.dmp_set_tap_time)
    i.dmp_set_tap_time_multi                 0x08005ce0   Section        0  inv_mpu_dmp_motion_driver.o(i.dmp_set_tap_time_multi)
    i.encoderSpeedCalculate                  0x08005d00   Section        0  motor.o(i.encoderSpeedCalculate)
    i.fabs                                   0x08005dc8   Section        0  fabs.o(i.fabs)
    i.get_accel_prod_shift                   0x08005de0   Section        0  inv_mpu.o(i.get_accel_prod_shift)
    get_accel_prod_shift                     0x08005de1   Thumb Code   176  inv_mpu.o(i.get_accel_prod_shift)
    i.get_st_biases                          0x08005ea4   Section        0  inv_mpu.o(i.get_st_biases)
    get_st_biases                            0x08005ea5   Thumb Code  1034  inv_mpu.o(i.get_st_biases)
    i.gyro_self_test                         0x080062b8   Section        0  inv_mpu.o(i.gyro_self_test)
    gyro_self_test                           0x080062b9   Thumb Code   210  inv_mpu.o(i.gyro_self_test)
    i.imu_Initial                            0x080063a4   Section        0  peropheralinit.o(i.imu_Initial)
    i.inv_row_2_scale                        0x080063cc   Section        0  mpu6050.o(i.inv_row_2_scale)
    inv_row_2_scale                          0x080063cd   Thumb Code    72  mpu6050.o(i.inv_row_2_scale)
    i.main                                   0x08006414   Section        0  main.o(i.main)
    i.mpu_configure_fifo                     0x08006654   Section        0  inv_mpu.o(i.mpu_configure_fifo)
    i.mpu_get_accel_fsr                      0x080066a8   Section        0  inv_mpu.o(i.mpu_get_accel_fsr)
    i.mpu_get_accel_sens                     0x080066e4   Section        0  inv_mpu.o(i.mpu_get_accel_sens)
    i.mpu_get_gyro_fsr                       0x08006728   Section        0  inv_mpu.o(i.mpu_get_gyro_fsr)
    i.mpu_get_gyro_sens                      0x0800675c   Section        0  inv_mpu.o(i.mpu_get_gyro_sens)
    i.mpu_get_lpf                            0x080067a8   Section        0  inv_mpu.o(i.mpu_get_lpf)
    i.mpu_get_sample_rate                    0x080067e0   Section        0  inv_mpu.o(i.mpu_get_sample_rate)
    i.mpu_init                               0x080067fc   Section        0  inv_mpu.o(i.mpu_init)
    i.mpu_load_firmware                      0x08006958   Section        0  inv_mpu.o(i.mpu_load_firmware)
    i.mpu_lp_accel_mode                      0x08006a08   Section        0  inv_mpu.o(i.mpu_lp_accel_mode)
    i.mpu_read_fifo_stream                   0x08006ae0   Section        0  inv_mpu.o(i.mpu_read_fifo_stream)
    i.mpu_read_mem                           0x08006ba4   Section        0  inv_mpu.o(i.mpu_read_mem)
    i.mpu_reset_fifo                         0x08006c1c   Section        0  inv_mpu.o(i.mpu_reset_fifo)
    i.mpu_run_self_test                      0x08006dec   Section        0  inv_mpu.o(i.mpu_run_self_test)
    i.mpu_set_accel_fsr                      0x08006edc   Section        0  inv_mpu.o(i.mpu_set_accel_fsr)
    i.mpu_set_bypass                         0x08006f54   Section        0  inv_mpu.o(i.mpu_set_bypass)
    i.mpu_set_dmp_state                      0x08007094   Section        0  inv_mpu.o(i.mpu_set_dmp_state)
    i.mpu_set_gyro_fsr                       0x0800712c   Section        0  inv_mpu.o(i.mpu_set_gyro_fsr)
    i.mpu_set_int_latched                    0x080071ac   Section        0  inv_mpu.o(i.mpu_set_int_latched)
    i.mpu_set_lpf                            0x08007220   Section        0  inv_mpu.o(i.mpu_set_lpf)
    i.mpu_set_sample_rate                    0x080072a0   Section        0  inv_mpu.o(i.mpu_set_sample_rate)
    i.mpu_set_sensors                        0x08007338   Section        0  inv_mpu.o(i.mpu_set_sensors)
    i.mpu_write_mem                          0x08007418   Section        0  inv_mpu.o(i.mpu_write_mem)
    i.peripheral_Initial                     0x08007490   Section        0  peropheralinit.o(i.peripheral_Initial)
    i.run_self_test                          0x080074f0   Section        0  mpu6050.o(i.run_self_test)
    run_self_test                            0x080074f1   Thumb Code   138  mpu6050.o(i.run_self_test)
    i.setAngleError_para                     0x0800757a   Section        0  autocar.o(i.setAngleError_para)
    i.setAutoCarInfoPID_para                 0x08007586   Section        0  autocar.o(i.setAutoCarInfoPID_para)
    i.setError_para                          0x08007592   Section        0  motor.o(i.setError_para)
    i.setMotorInfoPID_para                   0x0800759e   Section        0  motor.o(i.setMotorInfoPID_para)
    i.setMotorInfoSpeed                      0x080075ac   Section        0  motor.o(i.setMotorInfoSpeed)
    i.setPwmDutyCycle                        0x080075e4   Section        0  motor.o(i.setPwmDutyCycle)
    i.setPwmMirror                           0x0800760c   Section        0  motor.o(i.setPwmMirror)
    i.setTargetSpeed_perMin                  0x08007634   Section        0  motor.o(i.setTargetSpeed_perMin)
    i.setYawTarget                           0x08007690   Section        0  autocar.o(i.setYawTarget)
    i.set_int_enable                         0x080076a4   Section        0  inv_mpu.o(i.set_int_enable)
    set_int_enable                           0x080076a5   Thumb Code   114  inv_mpu.o(i.set_int_enable)
    i.sqrt                                   0x08007720   Section        0  sqrt.o(i.sqrt)
    .constdata                               0x0800778e   Section        8  stm32f4xx_hal_dma.o(.constdata)
    flagBitshiftOffset                       0x0800778e   Data           8  stm32f4xx_hal_dma.o(.constdata)
    .constdata                               0x08007796   Section       16  system_stm32f4xx.o(.constdata)
    .constdata                               0x080077a6   Section        8  system_stm32f4xx.o(.constdata)
    .constdata                               0x080077ae   Section       30  inv_mpu.o(.constdata)
    .constdata                               0x080077cc   Section       12  inv_mpu.o(.constdata)
    .constdata                               0x080077d8   Section       40  inv_mpu.o(.constdata)
    .constdata                               0x08007800   Section     3062  inv_mpu_dmp_motion_driver.o(.constdata)
    dmp_memory                               0x08007800   Data        3062  inv_mpu_dmp_motion_driver.o(.constdata)
    .constdata                               0x080083f8   Section       80  asin.o(.constdata)
    pS                                       0x080083f8   Data          48  asin.o(.constdata)
    qS                                       0x08008428   Data          32  asin.o(.constdata)
    .constdata                               0x08008448   Section      152  atan.o(.constdata)
    atanhi                                   0x08008448   Data          32  atan.o(.constdata)
    atanlo                                   0x08008468   Data          32  atan.o(.constdata)
    aTodd                                    0x08008488   Data          40  atan.o(.constdata)
    aTeven                                   0x080084b0   Data          48  atan.o(.constdata)
    .constdata                               0x080084e0   Section        8  qnan.o(.constdata)
    .constdata                               0x080084e8   Section       64  ctype_c.o(.constdata)
    .data                                    0x20000000   Section       48  main.o(.data)
    .data                                    0x20000030   Section        4  main.o(.data)
    .data                                    0x20000034   Section        4  main.o(.data)
    .data                                    0x20000038   Section        4  main.o(.data)
    .data                                    0x2000003c   Section        4  main.o(.data)
    .data                                    0x20000040   Section        4  main.o(.data)
    .data                                    0x20000044   Section        4  main.o(.data)
    .data                                    0x20000048   Section       12  stm32f4xx_hal.o(.data)
    .data                                    0x20000054   Section        4  system_stm32f4xx.o(.data)
    .data                                    0x20000058   Section       44  inv_mpu.o(.data)
    st                                       0x20000058   Data          44  inv_mpu.o(.data)
    .data                                    0x20000084   Section        9  mpu6050.o(.data)
    gyro_orientation                         0x20000084   Data           9  mpu6050.o(.data)
    .data                                    0x20000090   Section       40  motor.o(.data)
    .data                                    0x200000b8   Section        4  errno.o(.data)
    _errno                                   0x200000b8   Data           4  errno.o(.data)
    .bss                                     0x200000c0   Section      781  main.o(.bss)
    .bss                                     0x200003d0   Section       84  i2c.o(.bss)
    .bss                                     0x20000424   Section      288  tim.o(.bss)
    .bss                                     0x20000544   Section      600  usart.o(.bss)
    .bss                                     0x2000079c   Section       16  inv_mpu_dmp_motion_driver.o(.bss)
    dmp                                      0x2000079c   Data          16  inv_mpu_dmp_motion_driver.o(.bss)
    STACK                                    0x200007b0   Section     1024  startup_stm32f446xx.o(STACK)

    Global Symbols

    Symbol Name                              Value     Ov Type        Size  Object(Section)

    BuildAttributes$$THM_ISAv4$E$P$D$K$B$S$7EM$VFPi3$EXTD16$VFPS$VFMA$PE$A:L22UL41UL21$X:L11$S22US41US21$IEEE1$IW$USESV6$~STKCKD$USESV7$~SHL$OTIME$ROPI$IEEEX$EBA8$MICROLIB$REQ8$PRES8$EABIv2 0x00000000   Number         0  anon$$obj.o ABSOLUTE
    __ARM_use_no_argv                        0x00000000   Number         0  main.o ABSOLUTE
    __arm_fini_                               - Undefined Weak Reference
    __cpp_initialize__aeabi_                  - Undefined Weak Reference
    __cxa_finalize                            - Undefined Weak Reference
    __decompress                              - Undefined Weak Reference
    _clock_init                               - Undefined Weak Reference
    _microlib_exit                            - Undefined Weak Reference
    _scanf_int                                - Undefined Weak Reference
    _scanf_longlong                           - Undefined Weak Reference
    _scanf_string                             - Undefined Weak Reference
    __Vectors_Size                           0x000001c4   Number         0  startup_stm32f446xx.o ABSOLUTE
    __Vectors                                0x08000000   Data           4  startup_stm32f446xx.o(RESET)
    __Vectors_End                            0x080001c4   Data           0  startup_stm32f446xx.o(RESET)
    __main                                   0x080001c5   Thumb Code     0  entry.o(.ARM.Collect$$$$00000000)
    _main_stk                                0x080001c5   Thumb Code     0  entry2.o(.ARM.Collect$$$$00000001)
    _main_scatterload                        0x080001c9   Thumb Code     0  entry5.o(.ARM.Collect$$$$00000004)
    __main_after_scatterload                 0x080001cd   Thumb Code     0  entry5.o(.ARM.Collect$$$$00000004)
    _main_clock                              0x080001cd   Thumb Code     0  entry7b.o(.ARM.Collect$$$$00000008)
    _main_cpp_init                           0x080001cd   Thumb Code     0  entry8b.o(.ARM.Collect$$$$0000000A)
    _main_init                               0x080001cd   Thumb Code     0  entry9a.o(.ARM.Collect$$$$0000000B)
    __rt_lib_shutdown_fini                   0x080001d5   Thumb Code     0  entry12b.o(.ARM.Collect$$$$0000000E)
    __rt_final_cpp                           0x080001d9   Thumb Code     0  entry10a.o(.ARM.Collect$$$$0000000F)
    __rt_final_exit                          0x080001d9   Thumb Code     0  entry11a.o(.ARM.Collect$$$$00000011)
    Reset_Handler                            0x080001dd   Thumb Code     8  startup_stm32f446xx.o(.text)
    ADC_IRQHandler                           0x080001f7   Thumb Code     0  startup_stm32f446xx.o(.text)
    CAN1_RX0_IRQHandler                      0x080001f7   Thumb Code     0  startup_stm32f446xx.o(.text)
    CAN1_RX1_IRQHandler                      0x080001f7   Thumb Code     0  startup_stm32f446xx.o(.text)
    CAN1_SCE_IRQHandler                      0x080001f7   Thumb Code     0  startup_stm32f446xx.o(.text)
    CAN1_TX_IRQHandler                       0x080001f7   Thumb Code     0  startup_stm32f446xx.o(.text)
    CAN2_RX0_IRQHandler                      0x080001f7   Thumb Code     0  startup_stm32f446xx.o(.text)
    CAN2_RX1_IRQHandler                      0x080001f7   Thumb Code     0  startup_stm32f446xx.o(.text)
    CAN2_SCE_IRQHandler                      0x080001f7   Thumb Code     0  startup_stm32f446xx.o(.text)
    CAN2_TX_IRQHandler                       0x080001f7   Thumb Code     0  startup_stm32f446xx.o(.text)
    CEC_IRQHandler                           0x080001f7   Thumb Code     0  startup_stm32f446xx.o(.text)
    DCMI_IRQHandler                          0x080001f7   Thumb Code     0  startup_stm32f446xx.o(.text)
    DMA1_Stream0_IRQHandler                  0x080001f7   Thumb Code     0  startup_stm32f446xx.o(.text)
    DMA1_Stream2_IRQHandler                  0x080001f7   Thumb Code     0  startup_stm32f446xx.o(.text)
    DMA1_Stream4_IRQHandler                  0x080001f7   Thumb Code     0  startup_stm32f446xx.o(.text)
    DMA1_Stream5_IRQHandler                  0x080001f7   Thumb Code     0  startup_stm32f446xx.o(.text)
    DMA1_Stream6_IRQHandler                  0x080001f7   Thumb Code     0  startup_stm32f446xx.o(.text)
    DMA1_Stream7_IRQHandler                  0x080001f7   Thumb Code     0  startup_stm32f446xx.o(.text)
    DMA2_Stream0_IRQHandler                  0x080001f7   Thumb Code     0  startup_stm32f446xx.o(.text)
    DMA2_Stream1_IRQHandler                  0x080001f7   Thumb Code     0  startup_stm32f446xx.o(.text)
    DMA2_Stream3_IRQHandler                  0x080001f7   Thumb Code     0  startup_stm32f446xx.o(.text)
    DMA2_Stream4_IRQHandler                  0x080001f7   Thumb Code     0  startup_stm32f446xx.o(.text)
    DMA2_Stream5_IRQHandler                  0x080001f7   Thumb Code     0  startup_stm32f446xx.o(.text)
    DMA2_Stream6_IRQHandler                  0x080001f7   Thumb Code     0  startup_stm32f446xx.o(.text)
    EXTI0_IRQHandler                         0x080001f7   Thumb Code     0  startup_stm32f446xx.o(.text)
    EXTI15_10_IRQHandler                     0x080001f7   Thumb Code     0  startup_stm32f446xx.o(.text)
    EXTI1_IRQHandler                         0x080001f7   Thumb Code     0  startup_stm32f446xx.o(.text)
    EXTI2_IRQHandler                         0x080001f7   Thumb Code     0  startup_stm32f446xx.o(.text)
    EXTI3_IRQHandler                         0x080001f7   Thumb Code     0  startup_stm32f446xx.o(.text)
    EXTI4_IRQHandler                         0x080001f7   Thumb Code     0  startup_stm32f446xx.o(.text)
    EXTI9_5_IRQHandler                       0x080001f7   Thumb Code     0  startup_stm32f446xx.o(.text)
    FLASH_IRQHandler                         0x080001f7   Thumb Code     0  startup_stm32f446xx.o(.text)
    FMC_IRQHandler                           0x080001f7   Thumb Code     0  startup_stm32f446xx.o(.text)
    FMPI2C1_ER_IRQHandler                    0x080001f7   Thumb Code     0  startup_stm32f446xx.o(.text)
    FMPI2C1_EV_IRQHandler                    0x080001f7   Thumb Code     0  startup_stm32f446xx.o(.text)
    FPU_IRQHandler                           0x080001f7   Thumb Code     0  startup_stm32f446xx.o(.text)
    I2C1_ER_IRQHandler                       0x080001f7   Thumb Code     0  startup_stm32f446xx.o(.text)
    I2C1_EV_IRQHandler                       0x080001f7   Thumb Code     0  startup_stm32f446xx.o(.text)
    I2C2_ER_IRQHandler                       0x080001f7   Thumb Code     0  startup_stm32f446xx.o(.text)
    I2C2_EV_IRQHandler                       0x080001f7   Thumb Code     0  startup_stm32f446xx.o(.text)
    I2C3_ER_IRQHandler                       0x080001f7   Thumb Code     0  startup_stm32f446xx.o(.text)
    I2C3_EV_IRQHandler                       0x080001f7   Thumb Code     0  startup_stm32f446xx.o(.text)
    OTG_FS_IRQHandler                        0x080001f7   Thumb Code     0  startup_stm32f446xx.o(.text)
    OTG_FS_WKUP_IRQHandler                   0x080001f7   Thumb Code     0  startup_stm32f446xx.o(.text)
    OTG_HS_EP1_IN_IRQHandler                 0x080001f7   Thumb Code     0  startup_stm32f446xx.o(.text)
    OTG_HS_EP1_OUT_IRQHandler                0x080001f7   Thumb Code     0  startup_stm32f446xx.o(.text)
    OTG_HS_IRQHandler                        0x080001f7   Thumb Code     0  startup_stm32f446xx.o(.text)
    OTG_HS_WKUP_IRQHandler                   0x080001f7   Thumb Code     0  startup_stm32f446xx.o(.text)
    PVD_IRQHandler                           0x080001f7   Thumb Code     0  startup_stm32f446xx.o(.text)
    QUADSPI_IRQHandler                       0x080001f7   Thumb Code     0  startup_stm32f446xx.o(.text)
    RCC_IRQHandler                           0x080001f7   Thumb Code     0  startup_stm32f446xx.o(.text)
    RTC_Alarm_IRQHandler                     0x080001f7   Thumb Code     0  startup_stm32f446xx.o(.text)
    RTC_WKUP_IRQHandler                      0x080001f7   Thumb Code     0  startup_stm32f446xx.o(.text)
    SAI1_IRQHandler                          0x080001f7   Thumb Code     0  startup_stm32f446xx.o(.text)
    SAI2_IRQHandler                          0x080001f7   Thumb Code     0  startup_stm32f446xx.o(.text)
    SDIO_IRQHandler                          0x080001f7   Thumb Code     0  startup_stm32f446xx.o(.text)
    SPDIF_RX_IRQHandler                      0x080001f7   Thumb Code     0  startup_stm32f446xx.o(.text)
    SPI1_IRQHandler                          0x080001f7   Thumb Code     0  startup_stm32f446xx.o(.text)
    SPI2_IRQHandler                          0x080001f7   Thumb Code     0  startup_stm32f446xx.o(.text)
    SPI3_IRQHandler                          0x080001f7   Thumb Code     0  startup_stm32f446xx.o(.text)
    SPI4_IRQHandler                          0x080001f7   Thumb Code     0  startup_stm32f446xx.o(.text)
    TAMP_STAMP_IRQHandler                    0x080001f7   Thumb Code     0  startup_stm32f446xx.o(.text)
    TIM1_BRK_TIM9_IRQHandler                 0x080001f7   Thumb Code     0  startup_stm32f446xx.o(.text)
    TIM1_CC_IRQHandler                       0x080001f7   Thumb Code     0  startup_stm32f446xx.o(.text)
    TIM1_TRG_COM_TIM11_IRQHandler            0x080001f7   Thumb Code     0  startup_stm32f446xx.o(.text)
    TIM1_UP_TIM10_IRQHandler                 0x080001f7   Thumb Code     0  startup_stm32f446xx.o(.text)
    TIM2_IRQHandler                          0x080001f7   Thumb Code     0  startup_stm32f446xx.o(.text)
    TIM3_IRQHandler                          0x080001f7   Thumb Code     0  startup_stm32f446xx.o(.text)
    TIM4_IRQHandler                          0x080001f7   Thumb Code     0  startup_stm32f446xx.o(.text)
    TIM5_IRQHandler                          0x080001f7   Thumb Code     0  startup_stm32f446xx.o(.text)
    TIM7_IRQHandler                          0x080001f7   Thumb Code     0  startup_stm32f446xx.o(.text)
    TIM8_BRK_TIM12_IRQHandler                0x080001f7   Thumb Code     0  startup_stm32f446xx.o(.text)
    TIM8_CC_IRQHandler                       0x080001f7   Thumb Code     0  startup_stm32f446xx.o(.text)
    TIM8_TRG_COM_TIM14_IRQHandler            0x080001f7   Thumb Code     0  startup_stm32f446xx.o(.text)
    TIM8_UP_TIM13_IRQHandler                 0x080001f7   Thumb Code     0  startup_stm32f446xx.o(.text)
    UART4_IRQHandler                         0x080001f7   Thumb Code     0  startup_stm32f446xx.o(.text)
    UART5_IRQHandler                         0x080001f7   Thumb Code     0  startup_stm32f446xx.o(.text)
    USART2_IRQHandler                        0x080001f7   Thumb Code     0  startup_stm32f446xx.o(.text)
    USART6_IRQHandler                        0x080001f7   Thumb Code     0  startup_stm32f446xx.o(.text)
    WWDG_IRQHandler                          0x080001f7   Thumb Code     0  startup_stm32f446xx.o(.text)
    __aeabi_uldivmod                         0x08000201   Thumb Code    98  uldiv.o(.text)
    __aeabi_ldivmod                          0x08000263   Thumb Code    98  ldiv.o(.text)
    __aeabi_memset                           0x080002c5   Thumb Code    14  memseta.o(.text)
    __aeabi_memset4                          0x080002c5   Thumb Code     0  memseta.o(.text)
    __aeabi_memset8                          0x080002c5   Thumb Code     0  memseta.o(.text)
    __aeabi_memclr                           0x080002d3   Thumb Code     4  memseta.o(.text)
    __aeabi_memclr4                          0x080002d3   Thumb Code     0  memseta.o(.text)
    __aeabi_memclr8                          0x080002d3   Thumb Code     0  memseta.o(.text)
    _memset$wrapper                          0x080002d7   Thumb Code    18  memseta.o(.text)
    memcmp                                   0x080002e9   Thumb Code    26  memcmp.o(.text)
    __0sscanf                                0x08000305   Thumb Code    48  __0sscanf.o(.text)
    _scanf_real                              0x08000465   Thumb Code     0  scanf_fp.o(.text)
    _scanf_really_real                       0x08000465   Thumb Code   556  scanf_fp.o(.text)
    __aeabi_dadd                             0x0800069d   Thumb Code   322  dadd.o(.text)
    __aeabi_dsub                             0x080007df   Thumb Code     6  dadd.o(.text)
    __aeabi_drsub                            0x080007e5   Thumb Code     6  dadd.o(.text)
    __aeabi_dmul                             0x080007eb   Thumb Code   228  dmul.o(.text)
    __aeabi_ddiv                             0x080008cf   Thumb Code   222  ddiv.o(.text)
    __aeabi_i2d                              0x080009ad   Thumb Code    34  dflti.o(.text)
    __aeabi_d2iz                             0x080009cf   Thumb Code    62  dfixi.o(.text)
    __aeabi_f2d                              0x08000a0d   Thumb Code    38  f2d.o(.text)
    __aeabi_cdcmpeq                          0x08000a35   Thumb Code     0  cdcmple.o(.text)
    __aeabi_cdcmple                          0x08000a35   Thumb Code    48  cdcmple.o(.text)
    __aeabi_cdrcmple                         0x08000a65   Thumb Code    48  cdrcmple.o(.text)
    __aeabi_d2f                              0x08000a95   Thumb Code    56  d2f.o(.text)
    __aeabi_llsl                             0x08000acd   Thumb Code    30  llshl.o(.text)
    _ll_shift_l                              0x08000acd   Thumb Code     0  llshl.o(.text)
    __aeabi_llsr                             0x08000aeb   Thumb Code    32  llushr.o(.text)
    _ll_ushift_r                             0x08000aeb   Thumb Code     0  llushr.o(.text)
    __aeabi_lasr                             0x08000b0b   Thumb Code    36  llsshr.o(.text)
    _ll_sshift_r                             0x08000b0b   Thumb Code     0  llsshr.o(.text)
    __vfscanf_char                           0x08000b3d   Thumb Code    20  scanf_char.o(.text)
    _sgetc                                   0x08000b59   Thumb Code    30  _sgetc.o(.text)
    _sbackspace                              0x08000b77   Thumb Code    34  _sgetc.o(.text)
    __I$use$fp                               0x08000b99   Thumb Code     0  iusefp.o(.text)
    _float_round                             0x08000b99   Thumb Code    18  fepilogue.o(.text)
    _float_epilogue                          0x08000bab   Thumb Code    92  fepilogue.o(.text)
    _double_round                            0x08000c07   Thumb Code    30  depilogue.o(.text)
    _double_epilogue                         0x08000c25   Thumb Code   156  depilogue.o(.text)
    __aeabi_ul2d                             0x08000cc1   Thumb Code    24  dfltul.o(.text)
    __scatterload                            0x08000cd9   Thumb Code    28  init.o(.text)
    __scatterload_rt2                        0x08000cd9   Thumb Code     0  init.o(.text)
    isspace                                  0x08000cfd   Thumb Code    10  isspace_c.o(.text)
    __vfscanf                                0x08000d09   Thumb Code   810  _scanf.o(.text)
    _dsqrt                                   0x08001039   Thumb Code   162  dsqrt.o(.text)
    __ctype_lookup                           0x080010dd   Thumb Code    34  ctype_c.o(.text)
    BusFault_Handler                         0x08001105   Thumb Code     2  stm32f4xx_it.o(i.BusFault_Handler)
    DMA1_Stream1_IRQHandler                  0x08001109   Thumb Code     6  stm32f4xx_it.o(i.DMA1_Stream1_IRQHandler)
    DMA1_Stream3_IRQHandler                  0x08001115   Thumb Code     6  stm32f4xx_it.o(i.DMA1_Stream3_IRQHandler)
    DMA2_Stream2_IRQHandler                  0x08001121   Thumb Code     6  stm32f4xx_it.o(i.DMA2_Stream2_IRQHandler)
    DMA2_Stream7_IRQHandler                  0x0800112d   Thumb Code     6  stm32f4xx_it.o(i.DMA2_Stream7_IRQHandler)
    DebugMon_Handler                         0x080011dd   Thumb Code     2  stm32f4xx_it.o(i.DebugMon_Handler)
    Error_Handler                            0x080011df   Thumb Code     4  main.o(i.Error_Handler)
    HAL_DMA_Abort                            0x080011e3   Thumb Code   146  stm32f4xx_hal_dma.o(i.HAL_DMA_Abort)
    HAL_DMA_Abort_IT                         0x08001275   Thumb Code    36  stm32f4xx_hal_dma.o(i.HAL_DMA_Abort_IT)
    HAL_DMA_IRQHandler                       0x08001299   Thumb Code   412  stm32f4xx_hal_dma.o(i.HAL_DMA_IRQHandler)
    HAL_DMA_Init                             0x08001439   Thumb Code   206  stm32f4xx_hal_dma.o(i.HAL_DMA_Init)
    HAL_DMA_Start_IT                         0x0800150d   Thumb Code   110  stm32f4xx_hal_dma.o(i.HAL_DMA_Start_IT)
    HAL_Delay                                0x0800157d   Thumb Code    32  stm32f4xx_hal.o(i.HAL_Delay)
    HAL_GPIO_Init                            0x080015a1   Thumb Code   436  stm32f4xx_hal_gpio.o(i.HAL_GPIO_Init)
    HAL_GPIO_WritePin                        0x0800177d   Thumb Code    10  stm32f4xx_hal_gpio.o(i.HAL_GPIO_WritePin)
    HAL_GetTick                              0x08001789   Thumb Code     6  stm32f4xx_hal.o(i.HAL_GetTick)
    HAL_I2C_Init                             0x08001795   Thumb Code   376  stm32f4xx_hal_i2c.o(i.HAL_I2C_Init)
    HAL_I2C_Mem_Read                         0x0800191d   Thumb Code   502  stm32f4xx_hal_i2c.o(i.HAL_I2C_Mem_Read)
    HAL_I2C_Mem_Write                        0x08001b21   Thumb Code   294  stm32f4xx_hal_i2c.o(i.HAL_I2C_Mem_Write)
    HAL_I2C_MspInit                          0x08001c51   Thumb Code    94  i2c.o(i.HAL_I2C_MspInit)
    HAL_IncTick                              0x08001cbd   Thumb Code    12  stm32f4xx_hal.o(i.HAL_IncTick)
    HAL_Init                                 0x08001ccd   Thumb Code    48  stm32f4xx_hal.o(i.HAL_Init)
    HAL_InitTick                             0x08001d01   Thumb Code    54  stm32f4xx_hal.o(i.HAL_InitTick)
    HAL_MspInit                              0x08001d41   Thumb Code    48  stm32f4xx_hal_msp.o(i.HAL_MspInit)
    HAL_NVIC_EnableIRQ                       0x08001d75   Thumb Code    26  stm32f4xx_hal_cortex.o(i.HAL_NVIC_EnableIRQ)
    HAL_NVIC_SetPriority                     0x08001d91   Thumb Code    60  stm32f4xx_hal_cortex.o(i.HAL_NVIC_SetPriority)
    HAL_NVIC_SetPriorityGrouping             0x08001dd1   Thumb Code    26  stm32f4xx_hal_cortex.o(i.HAL_NVIC_SetPriorityGrouping)
    HAL_RCC_ClockConfig                      0x08001df5   Thumb Code   288  stm32f4xx_hal_rcc.o(i.HAL_RCC_ClockConfig)
    HAL_RCC_GetPCLK1Freq                     0x08001f29   Thumb Code    20  stm32f4xx_hal_rcc.o(i.HAL_RCC_GetPCLK1Freq)
    HAL_RCC_GetPCLK2Freq                     0x08001f49   Thumb Code    20  stm32f4xx_hal_rcc.o(i.HAL_RCC_GetPCLK2Freq)
    HAL_RCC_GetSysClockFreq                  0x08001f69   Thumb Code   140  stm32f4xx_hal_rcc_ex.o(i.HAL_RCC_GetSysClockFreq)
    HAL_RCC_OscConfig                        0x08001ffd   Thumb Code   900  stm32f4xx_hal_rcc_ex.o(i.HAL_RCC_OscConfig)
    HAL_SYSTICK_Config                       0x08002395   Thumb Code    40  stm32f4xx_hal_cortex.o(i.HAL_SYSTICK_Config)
    HAL_TIMEx_BreakCallback                  0x080023bd   Thumb Code     2  stm32f4xx_hal_tim_ex.o(i.HAL_TIMEx_BreakCallback)
    HAL_TIMEx_CommutCallback                 0x080023bf   Thumb Code     2  stm32f4xx_hal_tim_ex.o(i.HAL_TIMEx_CommutCallback)
    HAL_TIMEx_ConfigBreakDeadTime            0x080023c1   Thumb Code    84  stm32f4xx_hal_tim_ex.o(i.HAL_TIMEx_ConfigBreakDeadTime)
    HAL_TIMEx_MasterConfigSynchronization    0x08002415   Thumb Code   116  stm32f4xx_hal_tim_ex.o(i.HAL_TIMEx_MasterConfigSynchronization)
    HAL_TIMEx_PWMN_Start                     0x080024a5   Thumb Code   164  stm32f4xx_hal_tim_ex.o(i.HAL_TIMEx_PWMN_Start)
    HAL_TIM_Base_Init                        0x08002565   Thumb Code    90  stm32f4xx_hal_tim.o(i.HAL_TIM_Base_Init)
    HAL_TIM_Base_MspInit                     0x080025c1   Thumb Code    76  tim.o(i.HAL_TIM_Base_MspInit)
    HAL_TIM_Base_Start_IT                    0x08002619   Thumb Code   100  stm32f4xx_hal_tim.o(i.HAL_TIM_Base_Start_IT)
    HAL_TIM_ConfigClockSource                0x08002699   Thumb Code   220  stm32f4xx_hal_tim.o(i.HAL_TIM_ConfigClockSource)
    HAL_TIM_Encoder_Init                     0x08002775   Thumb Code   164  stm32f4xx_hal_tim.o(i.HAL_TIM_Encoder_Init)
    HAL_TIM_Encoder_MspInit                  0x08002819   Thumb Code   168  tim.o(i.HAL_TIM_Encoder_MspInit)
    HAL_TIM_Encoder_Start                    0x080028d5   Thumb Code   142  stm32f4xx_hal_tim.o(i.HAL_TIM_Encoder_Start)
    HAL_TIM_IC_CaptureCallback               0x08002963   Thumb Code     2  stm32f4xx_hal_tim.o(i.HAL_TIM_IC_CaptureCallback)
    HAL_TIM_IRQHandler                       0x08002965   Thumb Code   304  stm32f4xx_hal_tim.o(i.HAL_TIM_IRQHandler)
    HAL_TIM_MspPostInit                      0x08002a95   Thumb Code   142  tim.o(i.HAL_TIM_MspPostInit)
    HAL_TIM_OC_DelayElapsedCallback          0x08002b39   Thumb Code     2  stm32f4xx_hal_tim.o(i.HAL_TIM_OC_DelayElapsedCallback)
    HAL_TIM_PWM_ConfigChannel                0x08002b3b   Thumb Code   204  stm32f4xx_hal_tim.o(i.HAL_TIM_PWM_ConfigChannel)
    HAL_TIM_PWM_Init                         0x08002c07   Thumb Code    90  stm32f4xx_hal_tim.o(i.HAL_TIM_PWM_Init)
    HAL_TIM_PWM_MspInit                      0x08002c61   Thumb Code     2  stm32f4xx_hal_tim.o(i.HAL_TIM_PWM_MspInit)
    HAL_TIM_PWM_PulseFinishedCallback        0x08002c63   Thumb Code     2  stm32f4xx_hal_tim.o(i.HAL_TIM_PWM_PulseFinishedCallback)
    HAL_TIM_PWM_Start                        0x08002c65   Thumb Code   172  stm32f4xx_hal_tim.o(i.HAL_TIM_PWM_Start)
    HAL_TIM_PeriodElapsedCallback            0x08002d2d   Thumb Code    24  main.o(i.HAL_TIM_PeriodElapsedCallback)
    HAL_TIM_TriggerCallback                  0x08002d4d   Thumb Code     2  stm32f4xx_hal_tim.o(i.HAL_TIM_TriggerCallback)
    HAL_UARTEx_ReceiveToIdle_DMA             0x08002d4f   Thumb Code    74  stm32f4xx_hal_uart.o(i.HAL_UARTEx_ReceiveToIdle_DMA)
    HAL_UARTEx_RxEventCallback               0x08002d99   Thumb Code   150  main.o(i.HAL_UARTEx_RxEventCallback)
    HAL_UART_ErrorCallback                   0x08002e55   Thumb Code     2  stm32f4xx_hal_uart.o(i.HAL_UART_ErrorCallback)
    HAL_UART_IRQHandler                      0x08002e59   Thumb Code   636  stm32f4xx_hal_uart.o(i.HAL_UART_IRQHandler)
    HAL_UART_Init                            0x080030d9   Thumb Code   100  stm32f4xx_hal_uart.o(i.HAL_UART_Init)
    HAL_UART_MspInit                         0x0800313d   Thumb Code   478  usart.o(i.HAL_UART_MspInit)
    HAL_UART_RxCpltCallback                  0x08003349   Thumb Code     2  stm32f4xx_hal_uart.o(i.HAL_UART_RxCpltCallback)
    HAL_UART_RxHalfCpltCallback              0x0800334b   Thumb Code     2  stm32f4xx_hal_uart.o(i.HAL_UART_RxHalfCpltCallback)
    HAL_UART_Transmit_DMA                    0x0800334d   Thumb Code   120  stm32f4xx_hal_uart.o(i.HAL_UART_Transmit_DMA)
    HAL_UART_TxCpltCallback                  0x080033d1   Thumb Code     8  main.o(i.HAL_UART_TxCpltCallback)
    HAL_UART_TxHalfCpltCallback              0x080033dd   Thumb Code     2  stm32f4xx_hal_uart.o(i.HAL_UART_TxHalfCpltCallback)
    HardFault_Handler                        0x080033df   Thumb Code     2  stm32f4xx_it.o(i.HardFault_Handler)
    MPU6050_DMP_Get_Data                     0x08003821   Thumb Code   342  mpu6050.o(i.MPU6050_DMP_Get_Data)
    MPU6050_DMP_Init                         0x08003985   Thumb Code   172  mpu6050.o(i.MPU6050_DMP_Init)
    MX_DMA_Init                              0x08003a35   Thumb Code   104  dma.o(i.MX_DMA_Init)
    MX_GPIO_Init                             0x08003aa1   Thumb Code   138  gpio.o(i.MX_GPIO_Init)
    MX_I2C1_Init                             0x08003b39   Thumb Code    50  i2c.o(i.MX_I2C1_Init)
    MX_TIM3_Init                             0x08003b79   Thumb Code   100  tim.o(i.MX_TIM3_Init)
    MX_TIM4_Init                             0x08003be5   Thumb Code   100  tim.o(i.MX_TIM4_Init)
    MX_TIM6_Init                             0x08003c51   Thumb Code    60  tim.o(i.MX_TIM6_Init)
    MX_TIM8_Init                             0x08003c95   Thumb Code   230  tim.o(i.MX_TIM8_Init)
    MX_USART1_UART_Init                      0x08003d85   Thumb Code    48  usart.o(i.MX_USART1_UART_Init)
    MX_USART2_UART_Init                      0x08003dbd   Thumb Code    48  usart.o(i.MX_USART2_UART_Init)
    MX_USART3_UART_Init                      0x08003df5   Thumb Code    48  usart.o(i.MX_USART3_UART_Init)
    MemManage_Handler                        0x08003e2d   Thumb Code     2  stm32f4xx_it.o(i.MemManage_Handler)
    NMI_Handler                              0x08003e2f   Thumb Code     2  stm32f4xx_it.o(i.NMI_Handler)
    PID_Angle_init                           0x08003e31   Thumb Code    96  autocar.o(i.PID_Angle_init)
    PID_init                                 0x08003ead   Thumb Code    92  motor.o(i.PID_init)
    PID_loop                                 0x08003f21   Thumb Code   258  motor.o(i.PID_loop)
    PWM_Initial                              0x0800402d   Thumb Code    68  peropheralinit.o(i.PWM_Initial)
    PendSV_Handler                           0x0800407d   Thumb Code     2  stm32f4xx_it.o(i.PendSV_Handler)
    SVC_Handler                              0x0800407f   Thumb Code     2  stm32f4xx_it.o(i.SVC_Handler)
    SysTick_Handler                          0x08004081   Thumb Code     4  stm32f4xx_it.o(i.SysTick_Handler)
    SystemClock_Config                       0x08004085   Thumb Code   142  main.o(i.SystemClock_Config)
    SystemInit                               0x0800411d   Thumb Code    12  system_stm32f4xx.o(i.SystemInit)
    TIM6_DAC_IRQHandler                      0x0800412d   Thumb Code     6  stm32f4xx_it.o(i.TIM6_DAC_IRQHandler)
    TIM_Base_SetConfig                       0x08004139   Thumb Code   164  stm32f4xx_hal_tim.o(i.TIM_Base_SetConfig)
    TIM_CCxChannelCmd                        0x08004209   Thumb Code    26  stm32f4xx_hal_tim.o(i.TIM_CCxChannelCmd)
    TIM_ETR_SetConfig                        0x0800423d   Thumb Code    20  stm32f4xx_hal_tim.o(i.TIM_ETR_SetConfig)
    TIM_OC2_SetConfig                        0x080042c1   Thumb Code    98  stm32f4xx_hal_tim.o(i.TIM_OC2_SetConfig)
    Tim6Encoder                              0x0800442d   Thumb Code    28  peropheralinit.o(i.Tim6Encoder)
    UART_Start_Receive_DMA                   0x080047d5   Thumb Code   146  stm32f4xx_hal_uart.o(i.UART_Start_Receive_DMA)
    USART1_IRQHandler                        0x08004875   Thumb Code     6  stm32f4xx_it.o(i.USART1_IRQHandler)
    USART3_IRQHandler                        0x08004881   Thumb Code     6  stm32f4xx_it.o(i.USART3_IRQHandler)
    UsageFault_Handler                       0x0800488d   Thumb Code     2  stm32f4xx_it.o(i.UsageFault_Handler)
    __ARM_fpclassify                         0x0800488f   Thumb Code    48  fpclassify.o(i.__ARM_fpclassify)
    __hardfp_asin                            0x080048e1   Thumb Code   770  asin.o(i.__hardfp_asin)
    __hardfp_atan                            0x08004c41   Thumb Code   622  atan.o(i.__hardfp_atan)
    __hardfp_atan2                           0x08004f19   Thumb Code   448  atan2.o(i.__hardfp_atan2)
    __hardfp_fabs                            0x08005119   Thumb Code    20  fabs.o(i.__hardfp_fabs)
    __kernel_poly                            0x0800512d   Thumb Code   248  poly.o(i.__kernel_poly)
    __mathlib_dbl_infnan                     0x08005225   Thumb Code    20  dunder.o(i.__mathlib_dbl_infnan)
    __mathlib_dbl_infnan2                    0x08005239   Thumb Code    20  dunder.o(i.__mathlib_dbl_infnan2)
    __mathlib_dbl_invalid                    0x08005251   Thumb Code    24  dunder.o(i.__mathlib_dbl_invalid)
    __mathlib_dbl_underflow                  0x08005271   Thumb Code    24  dunder.o(i.__mathlib_dbl_underflow)
    __scatterload_copy                       0x08005291   Thumb Code    14  handlers.o(i.__scatterload_copy)
    __scatterload_null                       0x0800529f   Thumb Code     2  handlers.o(i.__scatterload_null)
    __scatterload_zeroinit                   0x080052a1   Thumb Code    14  handlers.o(i.__scatterload_zeroinit)
    __set_errno                              0x080052b1   Thumb Code     6  errno.o(i.__set_errno)
    _is_digit                                0x080052bd   Thumb Code    14  scanf_fp.o(i._is_digit)
    atan                                     0x0800535d   Thumb Code    16  atan.o(i.atan)
    dmp_enable_6x_lp_quat                    0x0800536d   Thumb Code    58  inv_mpu_dmp_motion_driver.o(i.dmp_enable_6x_lp_quat)
    dmp_enable_feature                       0x080053a9   Thumb Code   464  inv_mpu_dmp_motion_driver.o(i.dmp_enable_feature)
    dmp_enable_gyro_cal                      0x08005581   Thumb Code    34  inv_mpu_dmp_motion_driver.o(i.dmp_enable_gyro_cal)
    dmp_enable_lp_quat                       0x080055bd   Thumb Code    58  inv_mpu_dmp_motion_driver.o(i.dmp_enable_lp_quat)
    dmp_load_motion_driver_firmware          0x080055f9   Thumb Code    16  inv_mpu_dmp_motion_driver.o(i.dmp_load_motion_driver_firmware)
    dmp_read_fifo                            0x0800560d   Thumb Code   358  inv_mpu_dmp_motion_driver.o(i.dmp_read_fifo)
    dmp_set_accel_bias                       0x08005779   Thumb Code   212  inv_mpu_dmp_motion_driver.o(i.dmp_set_accel_bias)
    dmp_set_fifo_rate                        0x08005851   Thumb Code    82  inv_mpu_dmp_motion_driver.o(i.dmp_set_fifo_rate)
    dmp_set_gyro_bias                        0x080058b5   Thumb Code   196  inv_mpu_dmp_motion_driver.o(i.dmp_set_gyro_bias)
    dmp_set_orientation                      0x08005981   Thumb Code   246  inv_mpu_dmp_motion_driver.o(i.dmp_set_orientation)
    dmp_set_shake_reject_thresh              0x08005a8d   Thumb Code    48  inv_mpu_dmp_motion_driver.o(i.dmp_set_shake_reject_thresh)
    dmp_set_shake_reject_time                0x08005abd   Thumb Code    32  inv_mpu_dmp_motion_driver.o(i.dmp_set_shake_reject_time)
    dmp_set_shake_reject_timeout             0x08005add   Thumb Code    32  inv_mpu_dmp_motion_driver.o(i.dmp_set_shake_reject_timeout)
    dmp_set_tap_axes                         0x08005afd   Thumb Code    64  inv_mpu_dmp_motion_driver.o(i.dmp_set_tap_axes)
    dmp_set_tap_count                        0x08005b3d   Thumb Code    34  inv_mpu_dmp_motion_driver.o(i.dmp_set_tap_count)
    dmp_set_tap_thresh                       0x08005b61   Thumb Code   314  inv_mpu_dmp_motion_driver.o(i.dmp_set_tap_thresh)
    dmp_set_tap_time                         0x08005cc1   Thumb Code    32  inv_mpu_dmp_motion_driver.o(i.dmp_set_tap_time)
    dmp_set_tap_time_multi                   0x08005ce1   Thumb Code    32  inv_mpu_dmp_motion_driver.o(i.dmp_set_tap_time_multi)
    encoderSpeedCalculate                    0x08005d01   Thumb Code   170  motor.o(i.encoderSpeedCalculate)
    fabs                                     0x08005dc9   Thumb Code    24  fabs.o(i.fabs)
    imu_Initial                              0x080063a5   Thumb Code    36  peropheralinit.o(i.imu_Initial)
    main                                     0x08006415   Thumb Code   522  main.o(i.main)
    mpu_configure_fifo                       0x08006655   Thumb Code    78  inv_mpu.o(i.mpu_configure_fifo)
    mpu_get_accel_fsr                        0x080066a9   Thumb Code    54  inv_mpu.o(i.mpu_get_accel_fsr)
    mpu_get_accel_sens                       0x080066e5   Thumb Code    62  inv_mpu.o(i.mpu_get_accel_sens)
    mpu_get_gyro_fsr                         0x08006729   Thumb Code    48  inv_mpu.o(i.mpu_get_gyro_fsr)
    mpu_get_gyro_sens                        0x0800675d   Thumb Code    54  inv_mpu.o(i.mpu_get_gyro_sens)
    mpu_get_lpf                              0x080067a9   Thumb Code    52  inv_mpu.o(i.mpu_get_lpf)
    mpu_get_sample_rate                      0x080067e1   Thumb Code    22  inv_mpu.o(i.mpu_get_sample_rate)
    mpu_init                                 0x080067fd   Thumb Code   340  inv_mpu.o(i.mpu_init)
    mpu_load_firmware                        0x08006959   Thumb Code   166  inv_mpu.o(i.mpu_load_firmware)
    mpu_lp_accel_mode                        0x08006a09   Thumb Code   208  inv_mpu.o(i.mpu_lp_accel_mode)
    mpu_read_fifo_stream                     0x08006ae1   Thumb Code   186  inv_mpu.o(i.mpu_read_fifo_stream)
    mpu_read_mem                             0x08006ba5   Thumb Code   110  inv_mpu.o(i.mpu_read_mem)
    mpu_reset_fifo                           0x08006c1d   Thumb Code   454  inv_mpu.o(i.mpu_reset_fifo)
    mpu_run_self_test                        0x08006ded   Thumb Code   234  inv_mpu.o(i.mpu_run_self_test)
    mpu_set_accel_fsr                        0x08006edd   Thumb Code   112  inv_mpu.o(i.mpu_set_accel_fsr)
    mpu_set_bypass                           0x08006f55   Thumb Code   310  inv_mpu.o(i.mpu_set_bypass)
    mpu_set_dmp_state                        0x08007095   Thumb Code   142  inv_mpu.o(i.mpu_set_dmp_state)
    mpu_set_gyro_fsr                         0x0800712d   Thumb Code   118  inv_mpu.o(i.mpu_set_gyro_fsr)
    mpu_set_int_latched                      0x080071ad   Thumb Code   108  inv_mpu.o(i.mpu_set_int_latched)
    mpu_set_lpf                              0x08007221   Thumb Code   120  inv_mpu.o(i.mpu_set_lpf)
    mpu_set_sample_rate                      0x080072a1   Thumb Code   142  inv_mpu.o(i.mpu_set_sample_rate)
    mpu_set_sensors                          0x08007339   Thumb Code   216  inv_mpu.o(i.mpu_set_sensors)
    mpu_write_mem                            0x08007419   Thumb Code   110  inv_mpu.o(i.mpu_write_mem)
    peripheral_Initial                       0x08007491   Thumb Code    72  peropheralinit.o(i.peripheral_Initial)
    setAngleError_para                       0x0800757b   Thumb Code    12  autocar.o(i.setAngleError_para)
    setAutoCarInfoPID_para                   0x08007587   Thumb Code    12  autocar.o(i.setAutoCarInfoPID_para)
    setError_para                            0x08007593   Thumb Code    12  motor.o(i.setError_para)
    setMotorInfoPID_para                     0x0800759f   Thumb Code    12  motor.o(i.setMotorInfoPID_para)
    setMotorInfoSpeed                        0x080075ad   Thumb Code    46  motor.o(i.setMotorInfoSpeed)
    setPwmDutyCycle                          0x080075e5   Thumb Code    36  motor.o(i.setPwmDutyCycle)
    setPwmMirror                             0x0800760d   Thumb Code    36  motor.o(i.setPwmMirror)
    setTargetSpeed_perMin                    0x08007635   Thumb Code    76  motor.o(i.setTargetSpeed_perMin)
    setYawTarget                             0x08007691   Thumb Code    18  autocar.o(i.setYawTarget)
    sqrt                                     0x08007721   Thumb Code   110  sqrt.o(i.sqrt)
    AHBPrescTable                            0x08007796   Data          16  system_stm32f4xx.o(.constdata)
    APBPrescTable                            0x080077a6   Data           8  system_stm32f4xx.o(.constdata)
    reg                                      0x080077ae   Data          30  inv_mpu.o(.constdata)
    hw                                       0x080077cc   Data          12  inv_mpu.o(.constdata)
    test                                     0x080077d8   Data          40  inv_mpu.o(.constdata)
    __mathlib_zero                           0x080084e0   Data           8  qnan.o(.constdata)
    __ctype_categories                       0x080084e8   Data          64  ctype_c.o(.constdata)
    Region$$Table$$Base                      0x08008528   Number         0  anon$$obj.o(Region$$Table)
    Region$$Table$$Limit                     0x08008548   Number         0  anon$$obj.o(Region$$Table)
    timeflag                                 0x20000000   Data           1  main.o(.data)
    signDMA                                  0x20000004   Data           4  main.o(.data)
    signLaser                                0x20000008   Data           4  main.o(.data)
    pitch                                    0x2000000c   Data           4  main.o(.data)
    roll                                     0x20000010   Data           4  main.o(.data)
    yaw                                      0x20000014   Data           4  main.o(.data)
    BT_yaw                                   0x20000018   Data           8  main.o(.data)
    BT_rmv                                   0x20000020   Data           8  main.o(.data)
    BT_lwv                                   0x20000028   Data           8  main.o(.data)
    res                                      0x20000030   Data           4  main.o(.data)
    btYawF2H                                 0x20000034   Data           4  main.o(.data)
    btSpeedRight                             0x20000038   Data           4  main.o(.data)
    btSpeedLeft                              0x2000003c   Data           4  main.o(.data)
    x_vector                                 0x20000040   Data           4  main.o(.data)
    y_vector                                 0x20000044   Data           4  main.o(.data)
    uwTickFreq                               0x20000048   Data           1  stm32f4xx_hal.o(.data)
    uwTickPrio                               0x2000004c   Data           4  stm32f4xx_hal.o(.data)
    uwTick                                   0x20000050   Data           4  stm32f4xx_hal.o(.data)
    SystemCoreClock                          0x20000054   Data           4  system_stm32f4xx.o(.data)
    current_counter_1                        0x20000090   Data           4  motor.o(.data)
    delta_counter_1                          0x20000094   Data           4  motor.o(.data)
    pre_counter_1                            0x20000098   Data           4  motor.o(.data)
    current_counter_2                        0x2000009c   Data           4  motor.o(.data)
    delta_counter_2                          0x200000a0   Data           4  motor.o(.data)
    pre_counter_2                            0x200000a4   Data           4  motor.o(.data)
    circle_perMin_1                          0x200000a8   Data           8  motor.o(.data)
    circle_perMin_2                          0x200000b0   Data           8  motor.o(.data)
    motorDataRight                           0x200000c0   Data         104  main.o(.bss)
    motorDataLeft                            0x20000128   Data         104  main.o(.bss)
    autoCar                                  0x20000190   Data         120  main.o(.bss)
    imu                                      0x20000208   Data          16  main.o(.bss)
    receiveData                              0x20000218   Data         128  main.o(.bss)
    sendDataDMA                              0x20000298   Data         128  main.o(.bss)
    laserRowData_frame                       0x20000318   Data          88  main.o(.bss)
    laserRowData_buffer                      0x20000370   Data          84  main.o(.bss)
    laserTxInitial                           0x200003c4   Data           9  main.o(.bss)
    hi2c1                                    0x200003d0   Data          84  i2c.o(.bss)
    htim3                                    0x20000424   Data          72  tim.o(.bss)
    htim4                                    0x2000046c   Data          72  tim.o(.bss)
    htim6                                    0x200004b4   Data          72  tim.o(.bss)
    htim8                                    0x200004fc   Data          72  tim.o(.bss)
    huart1                                   0x20000544   Data          72  usart.o(.bss)
    huart2                                   0x2000058c   Data          72  usart.o(.bss)
    huart3                                   0x200005d4   Data          72  usart.o(.bss)
    hdma_usart1_tx                           0x2000061c   Data          96  usart.o(.bss)
    hdma_usart1_rx                           0x2000067c   Data          96  usart.o(.bss)
    hdma_usart3_rx                           0x200006dc   Data          96  usart.o(.bss)
    hdma_usart3_tx                           0x2000073c   Data          96  usart.o(.bss)
    __initial_sp                             0x20000bb0   Data           0  startup_stm32f446xx.o(STACK)



==============================================================================

Memory Map of the image

  Image Entry point : 0x080001c5

  Load Region LR_IROM1 (Base: 0x08000000, Size: 0x00008604, Max: 0x00080000, ABSOLUTE)

    Execution Region ER_IROM1 (Exec base: 0x08000000, Load base: 0x08000000, Size: 0x00008548, Max: 0x00080000, ABSOLUTE)

    Exec Addr    Load Addr    Size         Type   Attr      Idx    E Section Name        Object

    0x08000000   0x08000000   0x000001c4   Data   RO            3    RESET               startup_stm32f446xx.o
    0x080001c4   0x080001c4   0x00000000   Code   RO         4674  * .ARM.Collect$$$$00000000  mc_w.l(entry.o)
    0x080001c4   0x080001c4   0x00000004   Code   RO         4756    .ARM.Collect$$$$00000001  mc_w.l(entry2.o)
    0x080001c8   0x080001c8   0x00000004   Code   RO         4759    .ARM.Collect$$$$00000004  mc_w.l(entry5.o)
    0x080001cc   0x080001cc   0x00000000   Code   RO         4761    .ARM.Collect$$$$00000008  mc_w.l(entry7b.o)
    0x080001cc   0x080001cc   0x00000000   Code   RO         4763    .ARM.Collect$$$$0000000A  mc_w.l(entry8b.o)
    0x080001cc   0x080001cc   0x00000008   Code   RO         4764    .ARM.Collect$$$$0000000B  mc_w.l(entry9a.o)
    0x080001d4   0x080001d4   0x00000004   Code   RO         4771    .ARM.Collect$$$$0000000E  mc_w.l(entry12b.o)
    0x080001d8   0x080001d8   0x00000000   Code   RO         4766    .ARM.Collect$$$$0000000F  mc_w.l(entry10a.o)
    0x080001d8   0x080001d8   0x00000000   Code   RO         4768    .ARM.Collect$$$$00000011  mc_w.l(entry11a.o)
    0x080001d8   0x080001d8   0x00000004   Code   RO         4757    .ARM.Collect$$$$00002712  mc_w.l(entry2.o)
    0x080001dc   0x080001dc   0x00000024   Code   RO            4    .text               startup_stm32f446xx.o
    0x08000200   0x08000200   0x00000062   Code   RO         4677    .text               mc_w.l(uldiv.o)
    0x08000262   0x08000262   0x00000062   Code   RO         4679    .text               mc_w.l(ldiv.o)
    0x080002c4   0x080002c4   0x00000024   Code   RO         4681    .text               mc_w.l(memseta.o)
    0x080002e8   0x080002e8   0x0000001a   Code   RO         4683    .text               mc_w.l(memcmp.o)
    0x08000302   0x08000302   0x00000002   PAD
    0x08000304   0x08000304   0x00000038   Code   RO         4685    .text               mc_w.l(__0sscanf.o)
    0x0800033c   0x0800033c   0x00000360   Code   RO         4687    .text               mc_w.l(scanf_fp.o)
    0x0800069c   0x0800069c   0x0000014e   Code   RO         4691    .text               mf_w.l(dadd.o)
    0x080007ea   0x080007ea   0x000000e4   Code   RO         4693    .text               mf_w.l(dmul.o)
    0x080008ce   0x080008ce   0x000000de   Code   RO         4695    .text               mf_w.l(ddiv.o)
    0x080009ac   0x080009ac   0x00000022   Code   RO         4699    .text               mf_w.l(dflti.o)
    0x080009ce   0x080009ce   0x0000003e   Code   RO         4701    .text               mf_w.l(dfixi.o)
    0x08000a0c   0x08000a0c   0x00000026   Code   RO         4703    .text               mf_w.l(f2d.o)
    0x08000a32   0x08000a32   0x00000002   PAD
    0x08000a34   0x08000a34   0x00000030   Code   RO         4705    .text               mf_w.l(cdcmple.o)
    0x08000a64   0x08000a64   0x00000030   Code   RO         4707    .text               mf_w.l(cdrcmple.o)
    0x08000a94   0x08000a94   0x00000038   Code   RO         4709    .text               mf_w.l(d2f.o)
    0x08000acc   0x08000acc   0x0000001e   Code   RO         4772    .text               mc_w.l(llshl.o)
    0x08000aea   0x08000aea   0x00000020   Code   RO         4774    .text               mc_w.l(llushr.o)
    0x08000b0a   0x08000b0a   0x00000024   Code   RO         4776    .text               mc_w.l(llsshr.o)
    0x08000b2e   0x08000b2e   0x00000002   PAD
    0x08000b30   0x08000b30   0x00000028   Code   RO         4785    .text               mc_w.l(scanf_char.o)
    0x08000b58   0x08000b58   0x00000040   Code   RO         4787    .text               mc_w.l(_sgetc.o)
    0x08000b98   0x08000b98   0x00000000   Code   RO         4789    .text               mc_w.l(iusefp.o)
    0x08000b98   0x08000b98   0x0000006e   Code   RO         4790    .text               mf_w.l(fepilogue.o)
    0x08000c06   0x08000c06   0x000000ba   Code   RO         4792    .text               mf_w.l(depilogue.o)
    0x08000cc0   0x08000cc0   0x00000018   Code   RO         4796    .text               mf_w.l(dfltul.o)
    0x08000cd8   0x08000cd8   0x00000024   Code   RO         4798    .text               mc_w.l(init.o)
    0x08000cfc   0x08000cfc   0x0000000a   Code   RO         4800    .text               mc_w.l(isspace_c.o)
    0x08000d06   0x08000d06   0x00000002   PAD
    0x08000d08   0x08000d08   0x00000330   Code   RO         4802    .text               mc_w.l(_scanf.o)
    0x08001038   0x08001038   0x000000a2   Code   RO         4804    .text               mf_w.l(dsqrt.o)
    0x080010da   0x080010da   0x00000002   PAD
    0x080010dc   0x080010dc   0x00000028   Code   RO         4806    .text               mc_w.l(ctype_c.o)
    0x08001104   0x08001104   0x00000002   Code   RO          561    i.BusFault_Handler  stm32f4xx_it.o
    0x08001106   0x08001106   0x00000002   PAD
    0x08001108   0x08001108   0x0000000c   Code   RO          562    i.DMA1_Stream1_IRQHandler  stm32f4xx_it.o
    0x08001114   0x08001114   0x0000000c   Code   RO          563    i.DMA1_Stream3_IRQHandler  stm32f4xx_it.o
    0x08001120   0x08001120   0x0000000c   Code   RO          564    i.DMA2_Stream2_IRQHandler  stm32f4xx_it.o
    0x0800112c   0x0800112c   0x0000000c   Code   RO          565    i.DMA2_Stream7_IRQHandler  stm32f4xx_it.o
    0x08001138   0x08001138   0x00000028   Code   RO         1713    i.DMA_CalcBaseAndBitshift  stm32f4xx_hal_dma.o
    0x08001160   0x08001160   0x00000054   Code   RO         1714    i.DMA_CheckFifoParam  stm32f4xx_hal_dma.o
    0x080011b4   0x080011b4   0x00000028   Code   RO         1715    i.DMA_SetConfig     stm32f4xx_hal_dma.o
    0x080011dc   0x080011dc   0x00000002   Code   RO          566    i.DebugMon_Handler  stm32f4xx_it.o
    0x080011de   0x080011de   0x00000004   Code   RO           13    i.Error_Handler     main.o
    0x080011e2   0x080011e2   0x00000092   Code   RO         1716    i.HAL_DMA_Abort     stm32f4xx_hal_dma.o
    0x08001274   0x08001274   0x00000024   Code   RO         1717    i.HAL_DMA_Abort_IT  stm32f4xx_hal_dma.o
    0x08001298   0x08001298   0x000001a0   Code   RO         1721    i.HAL_DMA_IRQHandler  stm32f4xx_hal_dma.o
    0x08001438   0x08001438   0x000000d4   Code   RO         1722    i.HAL_DMA_Init      stm32f4xx_hal_dma.o
    0x0800150c   0x0800150c   0x0000006e   Code   RO         1726    i.HAL_DMA_Start_IT  stm32f4xx_hal_dma.o
    0x0800157a   0x0800157a   0x00000002   PAD
    0x0800157c   0x0800157c   0x00000024   Code   RO         2171    i.HAL_Delay         stm32f4xx_hal.o
    0x080015a0   0x080015a0   0x000001dc   Code   RO         1609    i.HAL_GPIO_Init     stm32f4xx_hal_gpio.o
    0x0800177c   0x0800177c   0x0000000a   Code   RO         1613    i.HAL_GPIO_WritePin  stm32f4xx_hal_gpio.o
    0x08001786   0x08001786   0x00000002   PAD
    0x08001788   0x08001788   0x0000000c   Code   RO         2177    i.HAL_GetTick       stm32f4xx_hal.o
    0x08001794   0x08001794   0x00000188   Code   RO          714    i.HAL_I2C_Init      stm32f4xx_hal_i2c.o
    0x0800191c   0x0800191c   0x00000204   Code   RO          732    i.HAL_I2C_Mem_Read  stm32f4xx_hal_i2c.o
    0x08001b20   0x08001b20   0x00000130   Code   RO          735    i.HAL_I2C_Mem_Write  stm32f4xx_hal_i2c.o
    0x08001c50   0x08001c50   0x0000006c   Code   RO          388    i.HAL_I2C_MspInit   i2c.o
    0x08001cbc   0x08001cbc   0x00000010   Code   RO         2183    i.HAL_IncTick       stm32f4xx_hal.o
    0x08001ccc   0x08001ccc   0x00000034   Code   RO         2184    i.HAL_Init          stm32f4xx_hal.o
    0x08001d00   0x08001d00   0x00000040   Code   RO         2185    i.HAL_InitTick      stm32f4xx_hal.o
    0x08001d40   0x08001d40   0x00000034   Code   RO          679    i.HAL_MspInit       stm32f4xx_hal_msp.o
    0x08001d74   0x08001d74   0x0000001a   Code   RO         2019    i.HAL_NVIC_EnableIRQ  stm32f4xx_hal_cortex.o
    0x08001d8e   0x08001d8e   0x00000002   PAD
    0x08001d90   0x08001d90   0x00000040   Code   RO         2025    i.HAL_NVIC_SetPriority  stm32f4xx_hal_cortex.o
    0x08001dd0   0x08001dd0   0x00000024   Code   RO         2026    i.HAL_NVIC_SetPriorityGrouping  stm32f4xx_hal_cortex.o
    0x08001df4   0x08001df4   0x00000134   Code   RO         1171    i.HAL_RCC_ClockConfig  stm32f4xx_hal_rcc.o
    0x08001f28   0x08001f28   0x00000020   Code   RO         1178    i.HAL_RCC_GetPCLK1Freq  stm32f4xx_hal_rcc.o
    0x08001f48   0x08001f48   0x00000020   Code   RO         1179    i.HAL_RCC_GetPCLK2Freq  stm32f4xx_hal_rcc.o
    0x08001f68   0x08001f68   0x00000094   Code   RO         1282    i.HAL_RCC_GetSysClockFreq  stm32f4xx_hal_rcc_ex.o
    0x08001ffc   0x08001ffc   0x00000398   Code   RO         1283    i.HAL_RCC_OscConfig  stm32f4xx_hal_rcc_ex.o
    0x08002394   0x08002394   0x00000028   Code   RO         2030    i.HAL_SYSTICK_Config  stm32f4xx_hal_cortex.o
    0x080023bc   0x080023bc   0x00000002   Code   RO         3128    i.HAL_TIMEx_BreakCallback  stm32f4xx_hal_tim_ex.o
    0x080023be   0x080023be   0x00000002   Code   RO         3129    i.HAL_TIMEx_CommutCallback  stm32f4xx_hal_tim_ex.o
    0x080023c0   0x080023c0   0x00000054   Code   RO         3131    i.HAL_TIMEx_ConfigBreakDeadTime  stm32f4xx_hal_tim_ex.o
    0x08002414   0x08002414   0x00000090   Code   RO         3147    i.HAL_TIMEx_MasterConfigSynchronization  stm32f4xx_hal_tim_ex.o
    0x080024a4   0x080024a4   0x000000c0   Code   RO         3158    i.HAL_TIMEx_PWMN_Start  stm32f4xx_hal_tim_ex.o
    0x08002564   0x08002564   0x0000005a   Code   RO         2424    i.HAL_TIM_Base_Init  stm32f4xx_hal_tim.o
    0x080025be   0x080025be   0x00000002   PAD
    0x080025c0   0x080025c0   0x00000058   Code   RO          430    i.HAL_TIM_Base_MspInit  tim.o
    0x08002618   0x08002618   0x00000080   Code   RO         2429    i.HAL_TIM_Base_Start_IT  stm32f4xx_hal_tim.o
    0x08002698   0x08002698   0x000000dc   Code   RO         2433    i.HAL_TIM_ConfigClockSource  stm32f4xx_hal_tim.o
    0x08002774   0x08002774   0x000000a4   Code   RO         2445    i.HAL_TIM_Encoder_Init  stm32f4xx_hal_tim.o
    0x08002818   0x08002818   0x000000bc   Code   RO          432    i.HAL_TIM_Encoder_MspInit  tim.o
    0x080028d4   0x080028d4   0x0000008e   Code   RO         2448    i.HAL_TIM_Encoder_Start  stm32f4xx_hal_tim.o
    0x08002962   0x08002962   0x00000002   Code   RO         2458    i.HAL_TIM_IC_CaptureCallback  stm32f4xx_hal_tim.o
    0x08002964   0x08002964   0x00000130   Code   RO         2472    i.HAL_TIM_IRQHandler  stm32f4xx_hal_tim.o
    0x08002a94   0x08002a94   0x000000a4   Code   RO          433    i.HAL_TIM_MspPostInit  tim.o
    0x08002b38   0x08002b38   0x00000002   Code   RO         2475    i.HAL_TIM_OC_DelayElapsedCallback  stm32f4xx_hal_tim.o
    0x08002b3a   0x08002b3a   0x000000cc   Code   RO         2496    i.HAL_TIM_PWM_ConfigChannel  stm32f4xx_hal_tim.o
    0x08002c06   0x08002c06   0x0000005a   Code   RO         2499    i.HAL_TIM_PWM_Init  stm32f4xx_hal_tim.o
    0x08002c60   0x08002c60   0x00000002   Code   RO         2501    i.HAL_TIM_PWM_MspInit  stm32f4xx_hal_tim.o
    0x08002c62   0x08002c62   0x00000002   Code   RO         2502    i.HAL_TIM_PWM_PulseFinishedCallback  stm32f4xx_hal_tim.o
    0x08002c64   0x08002c64   0x000000c8   Code   RO         2504    i.HAL_TIM_PWM_Start  stm32f4xx_hal_tim.o
    0x08002d2c   0x08002d2c   0x00000020   Code   RO           14    i.HAL_TIM_PeriodElapsedCallback  main.o
    0x08002d4c   0x08002d4c   0x00000002   Code   RO         2515    i.HAL_TIM_TriggerCallback  stm32f4xx_hal_tim.o
    0x08002d4e   0x08002d4e   0x0000004a   Code   RO         3405    i.HAL_UARTEx_ReceiveToIdle_DMA  stm32f4xx_hal_uart.o
    0x08002d98   0x08002d98   0x000000bc   Code   RO           15    i.HAL_UARTEx_RxEventCallback  main.o
    0x08002e54   0x08002e54   0x00000002   Code   RO         3421    i.HAL_UART_ErrorCallback  stm32f4xx_hal_uart.o
    0x08002e56   0x08002e56   0x00000002   PAD
    0x08002e58   0x08002e58   0x00000280   Code   RO         3424    i.HAL_UART_IRQHandler  stm32f4xx_hal_uart.o
    0x080030d8   0x080030d8   0x00000064   Code   RO         3425    i.HAL_UART_Init     stm32f4xx_hal_uart.o
    0x0800313c   0x0800313c   0x0000020c   Code   RO          508    i.HAL_UART_MspInit  usart.o
    0x08003348   0x08003348   0x00000002   Code   RO         3431    i.HAL_UART_RxCpltCallback  stm32f4xx_hal_uart.o
    0x0800334a   0x0800334a   0x00000002   Code   RO         3432    i.HAL_UART_RxHalfCpltCallback  stm32f4xx_hal_uart.o
    0x0800334c   0x0800334c   0x00000084   Code   RO         3434    i.HAL_UART_Transmit_DMA  stm32f4xx_hal_uart.o
    0x080033d0   0x080033d0   0x0000000c   Code   RO           16    i.HAL_UART_TxCpltCallback  main.o
    0x080033dc   0x080033dc   0x00000002   Code   RO         3437    i.HAL_UART_TxHalfCpltCallback  stm32f4xx_hal_uart.o
    0x080033de   0x080033de   0x00000002   Code   RO          567    i.HardFault_Handler  stm32f4xx_it.o
    0x080033e0   0x080033e0   0x0000002e   Code   RO          757    i.I2C_IsAcknowledgeFailed  stm32f4xx_hal_i2c.o
    0x0800340e   0x0800340e   0x00000002   PAD
    0x08003410   0x08003410   0x000000fc   Code   RO          767    i.I2C_RequestMemoryRead  stm32f4xx_hal_i2c.o
    0x0800350c   0x0800350c   0x000000a8   Code   RO          768    i.I2C_RequestMemoryWrite  stm32f4xx_hal_i2c.o
    0x080035b4   0x080035b4   0x00000056   Code   RO          772    i.I2C_WaitOnBTFFlagUntilTimeout  stm32f4xx_hal_i2c.o
    0x0800360a   0x0800360a   0x00000002   PAD
    0x0800360c   0x0800360c   0x00000090   Code   RO          773    i.I2C_WaitOnFlagUntilTimeout  stm32f4xx_hal_i2c.o
    0x0800369c   0x0800369c   0x000000bc   Code   RO          774    i.I2C_WaitOnMasterAddressFlagUntilTimeout  stm32f4xx_hal_i2c.o
    0x08003758   0x08003758   0x00000070   Code   RO          775    i.I2C_WaitOnRXNEFlagUntilTimeout  stm32f4xx_hal_i2c.o
    0x080037c8   0x080037c8   0x00000056   Code   RO          776    i.I2C_WaitOnTXEFlagUntilTimeout  stm32f4xx_hal_i2c.o
    0x0800381e   0x0800381e   0x00000002   PAD
    0x08003820   0x08003820   0x00000164   Code   RO         4296    i.MPU6050_DMP_Get_Data  mpu6050.o
    0x08003984   0x08003984   0x000000b0   Code   RO         4297    i.MPU6050_DMP_Init  mpu6050.o
    0x08003a34   0x08003a34   0x0000006c   Code   RO          360    i.MX_DMA_Init       dma.o
    0x08003aa0   0x08003aa0   0x00000098   Code   RO          237    i.MX_GPIO_Init      gpio.o
    0x08003b38   0x08003b38   0x00000040   Code   RO          389    i.MX_I2C1_Init      i2c.o
    0x08003b78   0x08003b78   0x0000006c   Code   RO          434    i.MX_TIM3_Init      tim.o
    0x08003be4   0x08003be4   0x0000006c   Code   RO          435    i.MX_TIM4_Init      tim.o
    0x08003c50   0x08003c50   0x00000044   Code   RO          436    i.MX_TIM6_Init      tim.o
    0x08003c94   0x08003c94   0x000000f0   Code   RO          437    i.MX_TIM8_Init      tim.o
    0x08003d84   0x08003d84   0x00000038   Code   RO          509    i.MX_USART1_UART_Init  usart.o
    0x08003dbc   0x08003dbc   0x00000038   Code   RO          510    i.MX_USART2_UART_Init  usart.o
    0x08003df4   0x08003df4   0x00000038   Code   RO          511    i.MX_USART3_UART_Init  usart.o
    0x08003e2c   0x08003e2c   0x00000002   Code   RO          568    i.MemManage_Handler  stm32f4xx_it.o
    0x08003e2e   0x08003e2e   0x00000002   Code   RO          569    i.NMI_Handler       stm32f4xx_it.o
    0x08003e30   0x08003e30   0x0000007c   Code   RO         4502    i.PID_Angle_init    autocar.o
    0x08003eac   0x08003eac   0x00000074   Code   RO         4335    i.PID_init          motor.o
    0x08003f20   0x08003f20   0x0000010c   Code   RO         4336    i.PID_loop          motor.o
    0x0800402c   0x0800402c   0x00000050   Code   RO         4454    i.PWM_Initial       peropheralinit.o
    0x0800407c   0x0800407c   0x00000002   Code   RO          570    i.PendSV_Handler    stm32f4xx_it.o
    0x0800407e   0x0800407e   0x00000002   Code   RO          571    i.SVC_Handler       stm32f4xx_it.o
    0x08004080   0x08004080   0x00000004   Code   RO          572    i.SysTick_Handler   stm32f4xx_it.o
    0x08004084   0x08004084   0x00000098   Code   RO           17    i.SystemClock_Config  main.o
    0x0800411c   0x0800411c   0x00000010   Code   RO         3759    i.SystemInit        system_stm32f4xx.o
    0x0800412c   0x0800412c   0x0000000c   Code   RO          573    i.TIM6_DAC_IRQHandler  stm32f4xx_it.o
    0x08004138   0x08004138   0x000000d0   Code   RO         2517    i.TIM_Base_SetConfig  stm32f4xx_hal_tim.o
    0x08004208   0x08004208   0x0000001a   Code   RO         2518    i.TIM_CCxChannelCmd  stm32f4xx_hal_tim.o
    0x08004222   0x08004222   0x0000001a   Code   RO         3167    i.TIM_CCxNChannelCmd  stm32f4xx_hal_tim_ex.o
    0x0800423c   0x0800423c   0x00000014   Code   RO         2528    i.TIM_ETR_SetConfig  stm32f4xx_hal_tim.o
    0x08004250   0x08004250   0x00000010   Code   RO         2529    i.TIM_ITRx_SetConfig  stm32f4xx_hal_tim.o
    0x08004260   0x08004260   0x00000060   Code   RO         2530    i.TIM_OC1_SetConfig  stm32f4xx_hal_tim.o
    0x080042c0   0x080042c0   0x0000006c   Code   RO         2531    i.TIM_OC2_SetConfig  stm32f4xx_hal_tim.o
    0x0800432c   0x0800432c   0x00000068   Code   RO         2532    i.TIM_OC3_SetConfig  stm32f4xx_hal_tim.o
    0x08004394   0x08004394   0x00000050   Code   RO         2533    i.TIM_OC4_SetConfig  stm32f4xx_hal_tim.o
    0x080043e4   0x080043e4   0x00000022   Code   RO         2535    i.TIM_TI1_ConfigInputStage  stm32f4xx_hal_tim.o
    0x08004406   0x08004406   0x00000024   Code   RO         2537    i.TIM_TI2_ConfigInputStage  stm32f4xx_hal_tim.o
    0x0800442a   0x0800442a   0x00000002   PAD
    0x0800442c   0x0800442c   0x00000028   Code   RO         4455    i.Tim6Encoder       peropheralinit.o
    0x08004454   0x08004454   0x0000000e   Code   RO         3438    i.UART_DMAAbortOnError  stm32f4xx_hal_uart.o
    0x08004462   0x08004462   0x0000004a   Code   RO         3439    i.UART_DMAError     stm32f4xx_hal_uart.o
    0x080044ac   0x080044ac   0x00000086   Code   RO         3440    i.UART_DMAReceiveCplt  stm32f4xx_hal_uart.o
    0x08004532   0x08004532   0x0000001e   Code   RO         3442    i.UART_DMARxHalfCplt  stm32f4xx_hal_uart.o
    0x08004550   0x08004550   0x00000042   Code   RO         3444    i.UART_DMATransmitCplt  stm32f4xx_hal_uart.o
    0x08004592   0x08004592   0x0000000a   Code   RO         3446    i.UART_DMATxHalfCplt  stm32f4xx_hal_uart.o
    0x0800459c   0x0800459c   0x0000004e   Code   RO         3448    i.UART_EndRxTransfer  stm32f4xx_hal_uart.o
    0x080045ea   0x080045ea   0x0000001c   Code   RO         3449    i.UART_EndTxTransfer  stm32f4xx_hal_uart.o
    0x08004606   0x08004606   0x000000c2   Code   RO         3450    i.UART_Receive_IT   stm32f4xx_hal_uart.o
    0x080046c8   0x080046c8   0x0000010c   Code   RO         3451    i.UART_SetConfig    stm32f4xx_hal_uart.o
    0x080047d4   0x080047d4   0x000000a0   Code   RO         3452    i.UART_Start_Receive_DMA  stm32f4xx_hal_uart.o
    0x08004874   0x08004874   0x0000000c   Code   RO          574    i.USART1_IRQHandler  stm32f4xx_it.o
    0x08004880   0x08004880   0x0000000c   Code   RO          575    i.USART3_IRQHandler  stm32f4xx_it.o
    0x0800488c   0x0800488c   0x00000002   Code   RO          576    i.UsageFault_Handler  stm32f4xx_it.o
    0x0800488e   0x0800488e   0x00000030   Code   RO         4739    i.__ARM_fpclassify  m_wm.l(fpclassify.o)
    0x080048be   0x080048be   0x00000020   Code   RO         2032    i.__NVIC_SetPriority  stm32f4xx_hal_cortex.o
    0x080048de   0x080048de   0x00000002   PAD
    0x080048e0   0x080048e0   0x00000360   Code   RO         4630    i.__hardfp_asin     m_wm.l(asin.o)
    0x08004c40   0x08004c40   0x000002d8   Code   RO         4711    i.__hardfp_atan     m_wm.l(atan.o)
    0x08004f18   0x08004f18   0x00000200   Code   RO         4644    i.__hardfp_atan2    m_wm.l(atan2.o)
    0x08005118   0x08005118   0x00000014   Code   RO         4656    i.__hardfp_fabs     m_wm.l(fabs.o)
    0x0800512c   0x0800512c   0x000000f8   Code   RO         4741    i.__kernel_poly     m_wm.l(poly.o)
    0x08005224   0x08005224   0x00000014   Code   RO         4726    i.__mathlib_dbl_infnan  m_wm.l(dunder.o)
    0x08005238   0x08005238   0x00000014   Code   RO         4727    i.__mathlib_dbl_infnan2  m_wm.l(dunder.o)
    0x0800524c   0x0800524c   0x00000004   PAD
    0x08005250   0x08005250   0x00000020   Code   RO         4728    i.__mathlib_dbl_invalid  m_wm.l(dunder.o)
    0x08005270   0x08005270   0x00000020   Code   RO         4731    i.__mathlib_dbl_underflow  m_wm.l(dunder.o)
    0x08005290   0x08005290   0x0000000e   Code   RO         4811    i.__scatterload_copy  mc_w.l(handlers.o)
    0x0800529e   0x0800529e   0x00000002   Code   RO         4812    i.__scatterload_null  mc_w.l(handlers.o)
    0x080052a0   0x080052a0   0x0000000e   Code   RO         4813    i.__scatterload_zeroinit  mc_w.l(handlers.o)
    0x080052ae   0x080052ae   0x00000002   PAD
    0x080052b0   0x080052b0   0x0000000c   Code   RO         4780    i.__set_errno       mc_w.l(errno.o)
    0x080052bc   0x080052bc   0x0000000e   Code   RO         4689    i._is_digit         mc_w.l(scanf_fp.o)
    0x080052ca   0x080052ca   0x00000002   PAD
    0x080052cc   0x080052cc   0x00000090   Code   RO         3796    i.accel_self_test   inv_mpu.o
    0x0800535c   0x0800535c   0x00000010   Code   RO         4713    i.atan              m_wm.l(atan.o)
    0x0800536c   0x0800536c   0x0000003a   Code   RO         4111    i.dmp_enable_6x_lp_quat  inv_mpu_dmp_motion_driver.o
    0x080053a6   0x080053a6   0x00000002   PAD
    0x080053a8   0x080053a8   0x000001d8   Code   RO         4112    i.dmp_enable_feature  inv_mpu_dmp_motion_driver.o
    0x08005580   0x08005580   0x0000003c   Code   RO         4113    i.dmp_enable_gyro_cal  inv_mpu_dmp_motion_driver.o
    0x080055bc   0x080055bc   0x0000003a   Code   RO         4114    i.dmp_enable_lp_quat  inv_mpu_dmp_motion_driver.o
    0x080055f6   0x080055f6   0x00000002   PAD
    0x080055f8   0x080055f8   0x00000014   Code   RO         4119    i.dmp_load_motion_driver_firmware  inv_mpu_dmp_motion_driver.o
    0x0800560c   0x0800560c   0x0000016c   Code   RO         4120    i.dmp_read_fifo     inv_mpu_dmp_motion_driver.o
    0x08005778   0x08005778   0x000000d8   Code   RO         4123    i.dmp_set_accel_bias  inv_mpu_dmp_motion_driver.o
    0x08005850   0x08005850   0x00000064   Code   RO         4124    i.dmp_set_fifo_rate  inv_mpu_dmp_motion_driver.o
    0x080058b4   0x080058b4   0x000000cc   Code   RO         4125    i.dmp_set_gyro_bias  inv_mpu_dmp_motion_driver.o
    0x08005980   0x08005980   0x0000010c   Code   RO         4127    i.dmp_set_orientation  inv_mpu_dmp_motion_driver.o
    0x08005a8c   0x08005a8c   0x00000030   Code   RO         4130    i.dmp_set_shake_reject_thresh  inv_mpu_dmp_motion_driver.o
    0x08005abc   0x08005abc   0x00000020   Code   RO         4131    i.dmp_set_shake_reject_time  inv_mpu_dmp_motion_driver.o
    0x08005adc   0x08005adc   0x00000020   Code   RO         4132    i.dmp_set_shake_reject_timeout  inv_mpu_dmp_motion_driver.o
    0x08005afc   0x08005afc   0x00000040   Code   RO         4133    i.dmp_set_tap_axes  inv_mpu_dmp_motion_driver.o
    0x08005b3c   0x08005b3c   0x00000022   Code   RO         4134    i.dmp_set_tap_count  inv_mpu_dmp_motion_driver.o
    0x08005b5e   0x08005b5e   0x00000002   PAD
    0x08005b60   0x08005b60   0x00000160   Code   RO         4135    i.dmp_set_tap_thresh  inv_mpu_dmp_motion_driver.o
    0x08005cc0   0x08005cc0   0x00000020   Code   RO         4136    i.dmp_set_tap_time  inv_mpu_dmp_motion_driver.o
    0x08005ce0   0x08005ce0   0x00000020   Code   RO         4137    i.dmp_set_tap_time_multi  inv_mpu_dmp_motion_driver.o
    0x08005d00   0x08005d00   0x000000c8   Code   RO         4337    i.encoderSpeedCalculate  motor.o
    0x08005dc8   0x08005dc8   0x00000018   Code   RO         4658    i.fabs              m_wm.l(fabs.o)
    0x08005de0   0x08005de0   0x000000c4   Code   RO         3797    i.get_accel_prod_shift  inv_mpu.o
    0x08005ea4   0x08005ea4   0x00000414   Code   RO         3798    i.get_st_biases     inv_mpu.o
    0x080062b8   0x080062b8   0x000000ec   Code   RO         3799    i.gyro_self_test    inv_mpu.o
    0x080063a4   0x080063a4   0x00000028   Code   RO         4456    i.imu_Initial       peropheralinit.o
    0x080063cc   0x080063cc   0x00000048   Code   RO         4298    i.inv_row_2_scale   mpu6050.o
    0x08006414   0x08006414   0x00000240   Code   RO           19    i.main              main.o
    0x08006654   0x08006654   0x00000054   Code   RO         3800    i.mpu_configure_fifo  inv_mpu.o
    0x080066a8   0x080066a8   0x0000003c   Code   RO         3801    i.mpu_get_accel_fsr  inv_mpu.o
    0x080066e4   0x080066e4   0x00000044   Code   RO         3803    i.mpu_get_accel_sens  inv_mpu.o
    0x08006728   0x08006728   0x00000034   Code   RO         3809    i.mpu_get_gyro_fsr  inv_mpu.o
    0x0800675c   0x0800675c   0x0000004c   Code   RO         3811    i.mpu_get_gyro_sens  inv_mpu.o
    0x080067a8   0x080067a8   0x00000038   Code   RO         3813    i.mpu_get_lpf       inv_mpu.o
    0x080067e0   0x080067e0   0x0000001c   Code   RO         3815    i.mpu_get_sample_rate  inv_mpu.o
    0x080067fc   0x080067fc   0x0000015c   Code   RO         3817    i.mpu_init          inv_mpu.o
    0x08006958   0x08006958   0x000000b0   Code   RO         3818    i.mpu_load_firmware  inv_mpu.o
    0x08006a08   0x08006a08   0x000000d8   Code   RO         3819    i.mpu_lp_accel_mode  inv_mpu.o
    0x08006ae0   0x08006ae0   0x000000c4   Code   RO         3822    i.mpu_read_fifo_stream  inv_mpu.o
    0x08006ba4   0x08006ba4   0x00000078   Code   RO         3823    i.mpu_read_mem      inv_mpu.o
    0x08006c1c   0x08006c1c   0x000001d0   Code   RO         3826    i.mpu_reset_fifo    inv_mpu.o
    0x08006dec   0x08006dec   0x000000f0   Code   RO         3827    i.mpu_run_self_test  inv_mpu.o
    0x08006edc   0x08006edc   0x00000078   Code   RO         3829    i.mpu_set_accel_fsr  inv_mpu.o
    0x08006f54   0x08006f54   0x00000140   Code   RO         3830    i.mpu_set_bypass    inv_mpu.o
    0x08007094   0x08007094   0x00000098   Code   RO         3832    i.mpu_set_dmp_state  inv_mpu.o
    0x0800712c   0x0800712c   0x00000080   Code   RO         3833    i.mpu_set_gyro_fsr  inv_mpu.o
    0x080071ac   0x080071ac   0x00000074   Code   RO         3834    i.mpu_set_int_latched  inv_mpu.o
    0x08007220   0x08007220   0x00000080   Code   RO         3836    i.mpu_set_lpf       inv_mpu.o
    0x080072a0   0x080072a0   0x00000098   Code   RO         3837    i.mpu_set_sample_rate  inv_mpu.o
    0x08007338   0x08007338   0x000000e0   Code   RO         3838    i.mpu_set_sensors   inv_mpu.o
    0x08007418   0x08007418   0x00000078   Code   RO         3839    i.mpu_write_mem     inv_mpu.o
    0x08007490   0x08007490   0x00000060   Code   RO         4457    i.peripheral_Initial  peropheralinit.o
    0x080074f0   0x080074f0   0x0000008a   Code   RO         4299    i.run_self_test     mpu6050.o
    0x0800757a   0x0800757a   0x0000000c   Code   RO         4509    i.setAngleError_para  autocar.o
    0x08007586   0x08007586   0x0000000c   Code   RO         4510    i.setAutoCarInfoPID_para  autocar.o
    0x08007592   0x08007592   0x0000000c   Code   RO         4338    i.setError_para     motor.o
    0x0800759e   0x0800759e   0x0000000c   Code   RO         4342    i.setMotorInfoPID_para  motor.o
    0x080075aa   0x080075aa   0x00000002   PAD
    0x080075ac   0x080075ac   0x00000038   Code   RO         4343    i.setMotorInfoSpeed  motor.o
    0x080075e4   0x080075e4   0x00000028   Code   RO         4344    i.setPwmDutyCycle   motor.o
    0x0800760c   0x0800760c   0x00000028   Code   RO         4345    i.setPwmMirror      motor.o
    0x08007634   0x08007634   0x0000005c   Code   RO         4350    i.setTargetSpeed_perMin  motor.o
    0x08007690   0x08007690   0x00000012   Code   RO         4520    i.setYawTarget      autocar.o
    0x080076a2   0x080076a2   0x00000002   PAD
    0x080076a4   0x080076a4   0x0000007c   Code   RO         3840    i.set_int_enable    inv_mpu.o
    0x08007720   0x08007720   0x0000006e   Code   RO         4746    i.sqrt              m_wm.l(sqrt.o)
    0x0800778e   0x0800778e   0x00000008   Data   RO         1728    .constdata          stm32f4xx_hal_dma.o
    0x08007796   0x08007796   0x00000010   Data   RO         3760    .constdata          system_stm32f4xx.o
    0x080077a6   0x080077a6   0x00000008   Data   RO         3761    .constdata          system_stm32f4xx.o
    0x080077ae   0x080077ae   0x0000001e   Data   RO         3841    .constdata          inv_mpu.o
    0x080077cc   0x080077cc   0x0000000c   Data   RO         3842    .constdata          inv_mpu.o
    0x080077d8   0x080077d8   0x00000028   Data   RO         3843    .constdata          inv_mpu.o
    0x08007800   0x08007800   0x00000bf6   Data   RO         4139    .constdata          inv_mpu_dmp_motion_driver.o
    0x080083f6   0x080083f6   0x00000002   PAD
    0x080083f8   0x080083f8   0x00000050   Data   RO         4633    .constdata          m_wm.l(asin.o)
    0x08008448   0x08008448   0x00000098   Data   RO         4714    .constdata          m_wm.l(atan.o)
    0x080084e0   0x080084e0   0x00000008   Data   RO         4743    .constdata          m_wm.l(qnan.o)
    0x080084e8   0x080084e8   0x00000040   Data   RO         4807    .constdata          mc_w.l(ctype_c.o)
    0x08008528   0x08008528   0x00000020   Data   RO         4809    Region$$Table       anon$$obj.o


    Execution Region RW_IRAM1 (Exec base: 0x20000000, Load base: 0x08008548, Size: 0x00000bb0, Max: 0x00020000, ABSOLUTE)

    Exec Addr    Load Addr    Size         Type   Attr      Idx    E Section Name        Object

    0x20000000   0x08008548   0x00000030   Data   RW           23    .data               main.o
    0x20000030   0x08008578   0x00000004   Data   RW           24    .data               main.o
    0x20000034   0x0800857c   0x00000004   Data   RW           28    .data               main.o
    0x20000038   0x08008580   0x00000004   Data   RW           31    .data               main.o
    0x2000003c   0x08008584   0x00000004   Data   RW           32    .data               main.o
    0x20000040   0x08008588   0x00000004   Data   RW           33    .data               main.o
    0x20000044   0x0800858c   0x00000004   Data   RW           34    .data               main.o
    0x20000048   0x08008590   0x0000000c   Data   RW         2191    .data               stm32f4xx_hal.o
    0x20000054   0x0800859c   0x00000004   Data   RW         3762    .data               system_stm32f4xx.o
    0x20000058   0x080085a0   0x0000002c   Data   RW         3844    .data               inv_mpu.o
    0x20000084   0x080085cc   0x00000009   Data   RW         4300    .data               mpu6050.o
    0x2000008d   0x080085d5   0x00000003   PAD
    0x20000090   0x080085d8   0x00000028   Data   RW         4351    .data               motor.o
    0x200000b8   0x08008600   0x00000004   Data   RW         4781    .data               mc_w.l(errno.o)
    0x200000bc   0x08008604   0x00000004   PAD
    0x200000c0        -       0x0000030d   Zero   RW           20    .bss                main.o
    0x200003cd   0x08008604   0x00000003   PAD
    0x200003d0        -       0x00000054   Zero   RW          390    .bss                i2c.o
    0x20000424        -       0x00000120   Zero   RW          438    .bss                tim.o
    0x20000544        -       0x00000258   Zero   RW          512    .bss                usart.o
    0x2000079c        -       0x00000010   Zero   RW         4138    .bss                inv_mpu_dmp_motion_driver.o
    0x200007ac   0x08008604   0x00000004   PAD
    0x200007b0        -       0x00000400   Zero   RW            1    STACK               startup_stm32f446xx.o


==============================================================================

Image component sizes


      Code (inc. data)   RO Data    RW Data    ZI Data      Debug   Object Name

       166         28          0          0          0       5631   autocar.o
       108          4          0          0          0        958   dma.o
       152         14          0          0          0     717295   gpio.o
       172         28          0          0         84       1917   i2c.o
      5388        290         82         44          0      30581   inv_mpu.o
      2446        134       3062          0         16      21482   inv_mpu_dmp_motion_driver.o
       964        114          0         72        781     713981   main.o
       836         98          0         40          0       8959   motor.o
       742         18          0          9          0       5602   mpu6050.o
       256         52          0          0          0       3779   peropheralinit.o
        36          8        452          0       1024        896   startup_stm32f446xx.o
       180         28          0         12          0       9761   stm32f4xx_hal.o
       198         14          0          0          0      34183   stm32f4xx_hal_cortex.o
      1084         16          8          0          0       7898   stm32f4xx_hal_dma.o
       486         40          0          0          0       2364   stm32f4xx_hal_gpio.o
      2294         52          0          0          0      13934   stm32f4xx_hal_i2c.o
        52          4          0          0          0        990   stm32f4xx_hal_msp.o
       372         44          0          0          0       3150   stm32f4xx_hal_rcc.o
      1068         28          0          0          0       2998   stm32f4xx_hal_rcc_ex.o
      2280        136          0          0          0      20557   stm32f4xx_hal_tim.o
       450         56          0          0          0       5196   stm32f4xx_hal_tim_ex.o
      2010         40          0          0          0      16129   stm32f4xx_hal_uart.o
       104         42          0          0          0       8476   stm32f4xx_it.o
        16          4         24          4          0       1307   system_stm32f4xx.o
       964         88          0          0        288       5905   tim.o
       692         70          0          0        600       3932   usart.o

    ----------------------------------------------------------------------
     23548       1450       3662        184       2800    1647861   Object Totals
         0          0         32          0          0          0   (incl. Generated)
        32          0          2          3          7          0   (incl. Padding)

    ----------------------------------------------------------------------

      Code (inc. data)   RO Data    RW Data    ZI Data      Debug   Library Member Name

       864         94         80          0          0        280   asin.o
       744        106        152          0          0        352   atan.o
       512         64          0          0          0        208   atan2.o
       104         16          0          0          0        496   dunder.o
        44          0          0          0          0        248   fabs.o
        48          0          0          0          0        124   fpclassify.o
       248          0          0          0          0        152   poly.o
         0          0          8          0          0          0   qnan.o
       110          0          0          0          0        148   sqrt.o
        56          8          0          0          0         84   __0sscanf.o
       816          6          0          0          0        112   _scanf.o
        64          0          0          0          0         84   _sgetc.o
        40          6         64          0          0         68   ctype_c.o
         0          0          0          0          0          0   entry.o
         0          0          0          0          0          0   entry10a.o
         0          0          0          0          0          0   entry11a.o
         4          0          0          0          0          0   entry12b.o
         8          4          0          0          0          0   entry2.o
         4          0          0          0          0          0   entry5.o
         0          0          0          0          0          0   entry7b.o
         0          0          0          0          0          0   entry8b.o
         8          4          0          0          0          0   entry9a.o
        12          6          0          4          0         68   errno.o
        30          0          0          0          0          0   handlers.o
        36          8          0          0          0         68   init.o
        10          0          0          0          0         68   isspace_c.o
         0          0          0          0          0          0   iusefp.o
        98          0          0          0          0         84   ldiv.o
        30          0          0          0          0         68   llshl.o
        36          0          0          0          0         68   llsshr.o
        32          0          0          0          0         68   llushr.o
        26          0          0          0          0         80   memcmp.o
        36          0          0          0          0        108   memseta.o
        40          8          0          0          0         84   scanf_char.o
       878         12          0          0          0        216   scanf_fp.o
        98          0          0          0          0         92   uldiv.o
        48          0          0          0          0         68   cdcmple.o
        48          0          0          0          0         68   cdrcmple.o
        56          0          0          0          0         88   d2f.o
       334          0          0          0          0        148   dadd.o
       222          0          0          0          0        100   ddiv.o
       186          0          0          0          0        176   depilogue.o
        62          0          0          0          0         80   dfixi.o
        34          0          0          0          0         76   dflti.o
        24          0          0          0          0         76   dfltul.o
       228          0          0          0          0         96   dmul.o
       162          0          0          0          0        100   dsqrt.o
        38          0          0          0          0         68   f2d.o
       110          0          0          0          0        168   fepilogue.o

    ----------------------------------------------------------------------
      6606        342        304          4          4       4740   Library Totals
        18          0          0          0          4          0   (incl. Padding)

    ----------------------------------------------------------------------

      Code (inc. data)   RO Data    RW Data    ZI Data      Debug   Library Name

      2674        280        240          0          0       2008   m_wm.l
      2362         62         64          4          0       1420   mc_w.l
      1552          0          0          0          0       1312   mf_w.l

    ----------------------------------------------------------------------
      6606        342        304          4          4       4740   Library Totals

    ----------------------------------------------------------------------

==============================================================================


      Code (inc. data)   RO Data    RW Data    ZI Data      Debug   

     30154       1792       3966        188       2804    1632001   Grand Totals
     30154       1792       3966        188       2804    1632001   ELF Image Totals
     30154       1792       3966        188          0          0   ROM Totals

==============================================================================

    Total RO  Size (Code + RO Data)                34120 (  33.32kB)
    Total RW  Size (RW Data + ZI Data)              2992 (   2.92kB)
    Total ROM Size (Code + RO Data + RW Data)      34308 (  33.50kB)

==============================================================================

